calling .venv/lib/python3.14/site-packages/sumo/bin/duarouter -n ./configurations/./maps/simple_nyc.net.xml -r trips.trips.xml --ignore-errors --begin 0 --end 225.0 --no-step-log --no-warnings -o ./configurations/./rou/str_sumo_nyc.rou.xml
pj_obj_create: Cannot find proj.db
pj_obj_create: Cannot find proj.db
pj_obj_create: Cannot find proj.db
Success.
pj_obj_create: Cannot find proj.db
pj_obj_create: Cannot find proj.db
pj_obj_create: Cannot find proj.db
Python 3...
147
 Retrying in 1 seconds
[ep74_best] seed 6000 sample 0: avg 402.5 p90 789.7 compl 1.000 detour 0.445
pj_obj_create: Cannot find proj.db
pj_obj_create: Cannot find proj.db
pj_obj_create: Cannot find proj.db
 Retrying in 1 seconds
[ep74_best] seed 6000 sample 1: avg 403.4 p90 783.2 compl 1.000 detour 0.449
pj_obj_create: Cannot find proj.db
pj_obj_create: Cannot find proj.db
pj_obj_create: Cannot find proj.db
 Retrying in 1 seconds
[ep74_best] seed 6000 sample 2: avg 394.0 p90 764.1 compl 1.000 detour 0.434
calling .venv/lib/python3.14/site-packages/sumo/bin/duarouter -n ./configurations/./maps/simple_nyc.net.xml -r trips.trips.xml --ignore-errors --begin 0 --end 225.0 --no-step-log --no-warnings -o ./configurations/./rou/str_sumo_nyc.rou.xml
pj_obj_create: Cannot find proj.db
pj_obj_create: Cannot find proj.db
pj_obj_create: Cannot find proj.db
Success.
pj_obj_create: Cannot find proj.db
pj_obj_create: Cannot find proj.db
pj_obj_create: Cannot find proj.db
148
 Retrying in 1 seconds
[ep74_best] seed 6001 sample 0: avg 1109.4 p90 1879.5 compl 1.000 detour 0.518
pj_obj_create: Cannot find proj.db
pj_obj_create: Cannot find proj.db
pj_obj_create: Cannot find proj.db
 Retrying in 1 seconds
[ep74_best] seed 6001 sample 1: avg 668.6 p90 1199.2 compl 1.000 detour 0.508
pj_obj_create: Cannot find proj.db
pj_obj_create: Cannot find proj.db
pj_obj_create: Cannot find proj.db
 Retrying in 1 seconds
[ep74_best] seed 6001 sample 2: avg 657.1 p90 1173.2 compl 1.000 detour 0.494
calling .venv/lib/python3.14/site-packages/sumo/bin/duarouter -n ./configurations/./maps/simple_nyc.net.xml -r trips.trips.xml --ignore-errors --begin 0 --end 225.0 --no-step-log --no-warnings -o ./configurations/./rou/str_sumo_nyc.rou.xml
pj_obj_create: Cannot find proj.db
pj_obj_create: Cannot find proj.db
pj_obj_create: Cannot find proj.db
Success.
pj_obj_create: Cannot find proj.db
pj_obj_create: Cannot find proj.db
pj_obj_create: Cannot find proj.db
147
 Retrying in 1 seconds
[ep74_best] seed 6002 sample 0: avg 329.6 p90 629.1 compl 1.000 detour 0.414
pj_obj_create: Cannot find proj.db
pj_obj_create: Cannot find proj.db
pj_obj_create: Cannot find proj.db
 Retrying in 1 seconds
[ep74_best] seed 6002 sample 1: avg 336.6 p90 645.5 compl 1.000 detour 0.418
pj_obj_create: Cannot find proj.db
pj_obj_create: Cannot find proj.db
pj_obj_create: Cannot find proj.db
 Retrying in 1 seconds
[ep74_best] seed 6002 sample 2: avg 348.9 p90 663.5 compl 1.000 detour 0.437
calling .venv/lib/python3.14/site-packages/sumo/bin/duarouter -n ./configurations/./maps/simple_nyc.net.xml -r trips.trips.xml --ignore-errors --begin 0 --end 225.0 --no-step-log --no-warnings -o ./configurations/./rou/str_sumo_nyc.rou.xml
pj_obj_create: Cannot find proj.db
pj_obj_create: Cannot find proj.db
pj_obj_create: Cannot find proj.db
Success.
pj_obj_create: Cannot find proj.db
pj_obj_create: Cannot find proj.db
pj_obj_create: Cannot find proj.db
148
 Retrying in 1 seconds
[ep74_best] seed 6003 sample 0: avg 585.5 p90 1102.2 compl 1.000 detour 0.486
pj_obj_create: Cannot find proj.db
pj_obj_create: Cannot find proj.db
pj_obj_create: Cannot find proj.db
 Retrying in 1 seconds
[ep74_best] seed 6003 sample 1: avg 1023.8 p90 1761.4 compl 1.000 detour 0.507
pj_obj_create: Cannot find proj.db
pj_obj_create: Cannot find proj.db
pj_obj_create: Cannot find proj.db
 Retrying in 1 seconds
[ep74_best] seed 6003 sample 2: avg 1220.3 p90 2033.4 compl 1.000 detour 0.532
calling .venv/lib/python3.14/site-packages/sumo/bin/duarouter -n ./configurations/./maps/simple_nyc.net.xml -r trips.trips.xml --ignore-errors --begin 0 --end 225.0 --no-step-log --no-warnings -o ./configurations/./rou/str_sumo_nyc.rou.xml
pj_obj_create: Cannot find proj.db
pj_obj_create: Cannot find proj.db
pj_obj_create: Cannot find proj.db
Success.
pj_obj_create: Cannot find proj.db
pj_obj_create: Cannot find proj.db
pj_obj_create: Cannot find proj.db
145
 Retrying in 1 seconds
[ep74_best] seed 6004 sample 0: avg 304.0 p90 560.3 compl 1.000 detour 0.382
pj_obj_create: Cannot find proj.db
pj_obj_create: Cannot find proj.db
pj_obj_create: Cannot find proj.db
 Retrying in 1 seconds
[ep74_best] seed 6004 sample 1: avg 289.1 p90 530.1 compl 1.000 detour 0.378
pj_obj_create: Cannot find proj.db
pj_obj_create: Cannot find proj.db
pj_obj_create: Cannot find proj.db
 Retrying in 1 seconds
[ep74_best] seed 6004 sample 2: avg 288.7 p90 522.1 compl 1.000 detour 0.380
calling .venv/lib/python3.14/site-packages/sumo/bin/duarouter -n ./configurations/./maps/simple_nyc.net.xml -r trips.trips.xml --ignore-errors --begin 0 --end 225.0 --no-step-log --no-warnings -o ./configurations/./rou/str_sumo_nyc.rou.xml
pj_obj_create: Cannot find proj.db
pj_obj_create: Cannot find proj.db
pj_obj_create: Cannot find proj.db
Success.
pj_obj_create: Cannot find proj.db
pj_obj_create: Cannot find proj.db
pj_obj_create: Cannot find proj.db
146
 Retrying in 1 seconds
[ep74_best] seed 6005 sample 0: avg 647.3 p90 1192.6 compl 1.000 detour 0.463
pj_obj_create: Cannot find proj.db
pj_obj_create: Cannot find proj.db
pj_obj_create: Cannot find proj.db
 Retrying in 1 seconds
[ep74_best] seed 6005 sample 1: avg 643.1 p90 1180.2 compl 1.000 detour 0.460
pj_obj_create: Cannot find proj.db
pj_obj_create: Cannot find proj.db
pj_obj_create: Cannot find proj.db
 Retrying in 1 seconds
[ep74_best] seed 6005 sample 2: avg 645.3 p90 1194.7 compl 1.000 detour 0.470
calling .venv/lib/python3.14/site-packages/sumo/bin/duarouter -n ./configurations/./maps/simple_nyc.net.xml -r trips.trips.xml --ignore-errors --begin 0 --end 225.0 --no-step-log --no-warnings -o ./configurations/./rou/str_sumo_nyc.rou.xml
pj_obj_create: Cannot find proj.db
pj_obj_create: Cannot find proj.db
pj_obj_create: Cannot find proj.db
Success.
pj_obj_create: Cannot find proj.db
pj_obj_create: Cannot find proj.db
pj_obj_create: Cannot find proj.db
147
 Retrying in 1 seconds
[ep74_best] seed 6006 sample 0: avg 368.4 p90 737.2 compl 1.000 detour 0.441
pj_obj_create: Cannot find proj.db
pj_obj_create: Cannot find proj.db
pj_obj_create: Cannot find proj.db
 Retrying in 1 seconds
[ep74_best] seed 6006 sample 1: avg 356.0 p90 701.1 compl 1.000 detour 0.443
pj_obj_create: Cannot find proj.db
pj_obj_create: Cannot find proj.db
pj_obj_create: Cannot find proj.db
 Retrying in 1 seconds
[ep74_best] seed 6006 sample 2: avg 370.1 p90 752.3 compl 1.000 detour 0.443
calling .venv/lib/python3.14/site-packages/sumo/bin/duarouter -n ./configurations/./maps/simple_nyc.net.xml -r trips.trips.xml --ignore-errors --begin 0 --end 225.0 --no-step-log --no-warnings -o ./configurations/./rou/str_sumo_nyc.rou.xml
pj_obj_create: Cannot find proj.db
pj_obj_create: Cannot find proj.db
pj_obj_create: Cannot find proj.db
Success.
pj_obj_create: Cannot find proj.db
pj_obj_create: Cannot find proj.db
pj_obj_create: Cannot find proj.db
146
 Retrying in 1 seconds
[ep74_best] seed 6007 sample 0: avg 543.1 p90 1019.3 compl 1.000 detour 0.483
pj_obj_create: Cannot find proj.db
pj_obj_create: Cannot find proj.db
pj_obj_create: Cannot find proj.db
 Retrying in 1 seconds
[ep74_best] seed 6007 sample 1: avg 554.3 p90 1052.3 compl 1.000 detour 0.469
pj_obj_create: Cannot find proj.db
pj_obj_create: Cannot find proj.db
pj_obj_create: Cannot find proj.db
 Retrying in 1 seconds
[ep74_best] seed 6007 sample 2: avg 551.7 p90 1056.1 compl 1.000 detour 0.487
calling .venv/lib/python3.14/site-packages/sumo/bin/duarouter -n ./configurations/./maps/simple_nyc.net.xml -r trips.trips.xml --ignore-errors --begin 0 --end 225.0 --no-step-log --no-warnings -o ./configurations/./rou/str_sumo_nyc.rou.xml
pj_obj_create: Cannot find proj.db
pj_obj_create: Cannot find proj.db
pj_obj_create: Cannot find proj.db
Success.
pj_obj_create: Cannot find proj.db
pj_obj_create: Cannot find proj.db
pj_obj_create: Cannot find proj.db
146
 Retrying in 1 seconds
[ep74_best] seed 6008 sample 0: avg 313.4 p90 601.3 compl 1.000 detour 0.385
pj_obj_create: Cannot find proj.db
pj_obj_create: Cannot find proj.db
pj_obj_create: Cannot find proj.db
 Retrying in 1 seconds
[ep74_best] seed 6008 sample 1: avg 316.7 p90 595.4 compl 1.000 detour 0.397
pj_obj_create: Cannot find proj.db
pj_obj_create: Cannot find proj.db
pj_obj_create: Cannot find proj.db
 Retrying in 1 seconds
[ep74_best] seed 6008 sample 2: avg 312.6 p90 607.3 compl 1.000 detour 0.396
calling .venv/lib/python3.14/site-packages/sumo/bin/duarouter -n ./configurations/./maps/simple_nyc.net.xml -r trips.trips.xml --ignore-errors --begin 0 --end 225.0 --no-step-log --no-warnings -o ./configurations/./rou/str_sumo_nyc.rou.xml
pj_obj_create: Cannot find proj.db
pj_obj_create: Cannot find proj.db
pj_obj_create: Cannot find proj.db
Success.
pj_obj_create: Cannot find proj.db
pj_obj_create: Cannot find proj.db
pj_obj_create: Cannot find proj.db
147
 Retrying in 1 seconds
[ep74_best] seed 6009 sample 0: avg 331.2 p90 595.1 compl 1.000 detour 0.434
pj_obj_create: Cannot find proj.db
pj_obj_create: Cannot find proj.db
pj_obj_create: Cannot find proj.db
 Retrying in 1 seconds
[ep74_best] seed 6009 sample 1: avg 321.2 p90 627.5 compl 1.000 detour 0.442
pj_obj_create: Cannot find proj.db
pj_obj_create: Cannot find proj.db
pj_obj_create: Cannot find proj.db
 Retrying in 1 seconds
[ep74_best] seed 6009 sample 2: avg 286.9 p90 526.2 compl 1.000 detour 0.396
calling .venv/lib/python3.14/site-packages/sumo/bin/duarouter -n ./configurations/./maps/simple_nyc.net.xml -r trips.trips.xml --ignore-errors --begin 0 --end 225.0 --no-step-log --no-warnings -o ./configurations/./rou/str_sumo_nyc.rou.xml
pj_obj_create: Cannot find proj.db
pj_obj_create: Cannot find proj.db
pj_obj_create: Cannot find proj.db
Success.
pj_obj_create: Cannot find proj.db
pj_obj_create: Cannot find proj.db
pj_obj_create: Cannot find proj.db
145
 Retrying in 1 seconds
[ep74_best] seed 6010 sample 0: avg 650.8 p90 1216.3 compl 1.000 detour 0.429
pj_obj_create: Cannot find proj.db
pj_obj_create: Cannot find proj.db
pj_obj_create: Cannot find proj.db
 Retrying in 1 seconds
[ep74_best] seed 6010 sample 1: avg 637.9 p90 1187.3 compl 1.000 detour 0.413
pj_obj_create: Cannot find proj.db
pj_obj_create: Cannot find proj.db
pj_obj_create: Cannot find proj.db
 Retrying in 1 seconds
[ep74_best] seed 6010 sample 2: avg 638.8 p90 1178.0 compl 1.000 detour 0.395
calling .venv/lib/python3.14/site-packages/sumo/bin/duarouter -n ./configurations/./maps/simple_nyc.net.xml -r trips.trips.xml --ignore-errors --begin 0 --end 225.0 --no-step-log --no-warnings -o ./configurations/./rou/str_sumo_nyc.rou.xml
pj_obj_create: Cannot find proj.db
pj_obj_create: Cannot find proj.db
pj_obj_create: Cannot find proj.db
Success.
pj_obj_create: Cannot find proj.db
pj_obj_create: Cannot find proj.db
pj_obj_create: Cannot find proj.db
146
 Retrying in 1 seconds
[ep74_best] seed 6011 sample 0: avg 364.3 p90 649.1 compl 1.000 detour 0.420
pj_obj_create: Cannot find proj.db
pj_obj_create: Cannot find proj.db
pj_obj_create: Cannot find proj.db
 Retrying in 1 seconds
[ep74_best] seed 6011 sample 1: avg 362.1 p90 649.2 compl 1.000 detour 0.397
pj_obj_create: Cannot find proj.db
pj_obj_create: Cannot find proj.db
pj_obj_create: Cannot find proj.db
 Retrying in 1 seconds
[ep74_best] seed 6011 sample 2: avg 330.1 p90 595.1 compl 1.000 detour 0.387
calling .venv/lib/python3.14/site-packages/sumo/bin/duarouter -n ./configurations/./maps/simple_nyc.net.xml -r trips.trips.xml --ignore-errors --begin 0 --end 225.0 --no-step-log --no-warnings -o ./configurations/./rou/str_sumo_nyc.rou.xml
pj_obj_create: Cannot find proj.db
pj_obj_create: Cannot find proj.db
pj_obj_create: Cannot find proj.db
Success.
pj_obj_create: Cannot find proj.db
pj_obj_create: Cannot find proj.db
pj_obj_create: Cannot find proj.db
142
 Retrying in 1 seconds
[ep74_best] seed 6012 sample 0: avg 318.2 p90 605.2 compl 1.000 detour 0.387
pj_obj_create: Cannot find proj.db
pj_obj_create: Cannot find proj.db
pj_obj_create: Cannot find proj.db
 Retrying in 1 seconds
[ep74_best] seed 6012 sample 1: avg 329.8 p90 596.0 compl 1.000 detour 0.350
pj_obj_create: Cannot find proj.db
pj_obj_create: Cannot find proj.db
pj_obj_create: Cannot find proj.db
 Retrying in 1 seconds
[ep74_best] seed 6012 sample 2: avg 309.8 p90 562.3 compl 1.000 detour 0.351
calling .venv/lib/python3.14/site-packages/sumo/bin/duarouter -n ./configurations/./maps/simple_nyc.net.xml -r trips.trips.xml --ignore-errors --begin 0 --end 225.0 --no-step-log --no-warnings -o ./configurations/./rou/str_sumo_nyc.rou.xml
pj_obj_create: Cannot find proj.db
pj_obj_create: Cannot find proj.db
pj_obj_create: Cannot find proj.db
Success.
pj_obj_create: Cannot find proj.db
pj_obj_create: Cannot find proj.db
pj_obj_create: Cannot find proj.db
148
 Retrying in 1 seconds
[ep74_best] seed 6013 sample 0: avg 565.3 p90 1017.1 compl 1.000 detour 0.286
pj_obj_create: Cannot find proj.db
pj_obj_create: Cannot find proj.db
pj_obj_create: Cannot find proj.db
 Retrying in 1 seconds
[ep74_best] seed 6013 sample 1: avg 574.6 p90 1028.0 compl 1.000 detour 0.279
pj_obj_create: Cannot find proj.db
pj_obj_create: Cannot find proj.db
pj_obj_create: Cannot find proj.db
 Retrying in 1 seconds
[ep74_best] seed 6013 sample 2: avg 565.8 p90 1028.2 compl 1.000 detour 0.244
calling .venv/lib/python3.14/site-packages/sumo/bin/duarouter -n ./configurations/./maps/simple_nyc.net.xml -r trips.trips.xml --ignore-errors --begin 0 --end 225.0 --no-step-log --no-warnings -o ./configurations/./rou/str_sumo_nyc.rou.xml
pj_obj_create: Cannot find proj.db
pj_obj_create: Cannot find proj.db
pj_obj_create: Cannot find proj.db
Success.
pj_obj_create: Cannot find proj.db
pj_obj_create: Cannot find proj.db
pj_obj_create: Cannot find proj.db
144
 Retrying in 1 seconds
[ep74_best] seed 6014 sample 0: avg 338.8 p90 608.3 compl 1.000 detour 0.278
pj_obj_create: Cannot find proj.db
pj_obj_create: Cannot find proj.db
pj_obj_create: Cannot find proj.db
 Retrying in 1 seconds
[ep74_best] seed 6014 sample 1: avg 360.3 p90 635.0 compl 1.000 detour 0.289
pj_obj_create: Cannot find proj.db
pj_obj_create: Cannot find proj.db
pj_obj_create: Cannot find proj.db
 Retrying in 1 seconds
[ep74_best] seed 6014 sample 2: avg 357.6 p90 647.2 compl 1.000 detour 0.282
calling .venv/lib/python3.14/site-packages/sumo/bin/duarouter -n ./configurations/./maps/simple_nyc.net.xml -r trips.trips.xml --ignore-errors --begin 0 --end 225.0 --no-step-log --no-warnings -o ./configurations/./rou/str_sumo_nyc.rou.xml
pj_obj_create: Cannot find proj.db
pj_obj_create: Cannot find proj.db
pj_obj_create: Cannot find proj.db
Success.
pj_obj_create: Cannot find proj.db
pj_obj_create: Cannot find proj.db
pj_obj_create: Cannot find proj.db
148
 Retrying in 1 seconds
[ep74_best] seed 6015 sample 0: avg 565.5 p90 1066.4 compl 1.000 detour 0.465
pj_obj_create: Cannot find proj.db
pj_obj_create: Cannot find proj.db
pj_obj_create: Cannot find proj.db
 Retrying in 1 seconds
[ep74_best] seed 6015 sample 1: avg 613.0 p90 1114.1 compl 1.000 detour 0.491
pj_obj_create: Cannot find proj.db
pj_obj_create: Cannot find proj.db
pj_obj_create: Cannot find proj.db
 Retrying in 1 seconds
[ep74_best] seed 6015 sample 2: avg 580.5 p90 1091.1 compl 1.000 detour 0.459
calling .venv/lib/python3.14/site-packages/sumo/bin/duarouter -n ./configurations/./maps/simple_nyc.net.xml -r trips.trips.xml --ignore-errors --begin 0 --end 225.0 --no-step-log --no-warnings -o ./configurations/./rou/str_sumo_nyc.rou.xml
pj_obj_create: Cannot find proj.db
pj_obj_create: Cannot find proj.db
pj_obj_create: Cannot find proj.db
Success.
pj_obj_create: Cannot find proj.db
pj_obj_create: Cannot find proj.db
pj_obj_create: Cannot find proj.db
145
 Retrying in 1 seconds
[ep74_best] seed 6016 sample 0: avg 580.0 p90 1118.2 compl 1.000 detour 0.482
pj_obj_create: Cannot find proj.db
pj_obj_create: Cannot find proj.db
pj_obj_create: Cannot find proj.db
 Retrying in 1 seconds
[ep74_best] seed 6016 sample 1: avg 561.5 p90 1097.1 compl 1.000 detour 0.448
pj_obj_create: Cannot find proj.db
pj_obj_create: Cannot find proj.db
pj_obj_create: Cannot find proj.db
 Retrying in 1 seconds
[ep74_best] seed 6016 sample 2: avg 523.8 p90 994.2 compl 1.000 detour 0.476
calling .venv/lib/python3.14/site-packages/sumo/bin/duarouter -n ./configurations/./maps/simple_nyc.net.xml -r trips.trips.xml --ignore-errors --begin 0 --end 225.0 --no-step-log --no-warnings -o ./configurations/./rou/str_sumo_nyc.rou.xml
pj_obj_create: Cannot find proj.db
pj_obj_create: Cannot find proj.db
pj_obj_create: Cannot find proj.db
Success.
pj_obj_create: Cannot find proj.db
pj_obj_create: Cannot find proj.db
pj_obj_create: Cannot find proj.db
145
 Retrying in 1 seconds
[ep74_best] seed 6017 sample 0: avg 585.4 p90 1084.0 compl 1.000 detour 0.473
pj_obj_create: Cannot find proj.db
pj_obj_create: Cannot find proj.db
pj_obj_create: Cannot find proj.db
 Retrying in 1 seconds
[ep74_best] seed 6017 sample 1: avg 580.8 p90 1069.0 compl 1.000 detour 0.498
pj_obj_create: Cannot find proj.db
pj_obj_create: Cannot find proj.db
pj_obj_create: Cannot find proj.db
 Retrying in 1 seconds
[ep74_best] seed 6017 sample 2: avg 589.4 p90 1100.1 compl 1.000 detour 0.491
calling .venv/lib/python3.14/site-packages/sumo/bin/duarouter -n ./configurations/./maps/simple_nyc.net.xml -r trips.trips.xml --ignore-errors --begin 0 --end 225.0 --no-step-log --no-warnings -o ./configurations/./rou/str_sumo_nyc.rou.xml
pj_obj_create: Cannot find proj.db
pj_obj_create: Cannot find proj.db
pj_obj_create: Cannot find proj.db
Success.
pj_obj_create: Cannot find proj.db
pj_obj_create: Cannot find proj.db
pj_obj_create: Cannot find proj.db
145
 Retrying in 1 seconds
[ep74_best] seed 6018 sample 0: avg 675.9 p90 1230.3 compl 1.000 detour 0.445
pj_obj_create: Cannot find proj.db
pj_obj_create: Cannot find proj.db
pj_obj_create: Cannot find proj.db
 Retrying in 1 seconds
[ep74_best] seed 6018 sample 1: avg 653.5 p90 1240.1 compl 1.000 detour 0.421
pj_obj_create: Cannot find proj.db
pj_obj_create: Cannot find proj.db
pj_obj_create: Cannot find proj.db
 Retrying in 1 seconds
[ep74_best] seed 6018 sample 2: avg 668.6 p90 1229.3 compl 1.000 detour 0.428
calling .venv/lib/python3.14/site-packages/sumo/bin/duarouter -n ./configurations/./maps/simple_nyc.net.xml -r trips.trips.xml --ignore-errors --begin 0 --end 225.0 --no-step-log --no-warnings -o ./configurations/./rou/str_sumo_nyc.rou.xml
pj_obj_create: Cannot find proj.db
pj_obj_create: Cannot find proj.db
pj_obj_create: Cannot find proj.db
Success.
pj_obj_create: Cannot find proj.db
pj_obj_create: Cannot find proj.db
pj_obj_create: Cannot find proj.db
146
 Retrying in 1 seconds
[ep74_best] seed 6019 sample 0: avg 607.8 p90 1183.3 compl 1.000 detour 0.485
pj_obj_create: Cannot find proj.db
pj_obj_create: Cannot find proj.db
pj_obj_create: Cannot find proj.db
 Retrying in 1 seconds
[ep74_best] seed 6019 sample 1: avg 621.4 p90 1159.2 compl 1.000 detour 0.507
pj_obj_create: Cannot find proj.db
pj_obj_create: Cannot find proj.db
pj_obj_create: Cannot find proj.db
 Retrying in 1 seconds
[ep74_best] seed 6019 sample 2: avg 603.2 p90 1122.6 compl 1.000 detour 0.506
calling .venv/lib/python3.14/site-packages/sumo/bin/duarouter -n ./configurations/./maps/simple_nyc.net.xml -r trips.trips.xml --ignore-errors --begin 0 --end 225.0 --no-step-log --no-warnings -o ./configurations/./rou/str_sumo_nyc.rou.xml
pj_obj_create: Cannot find proj.db
pj_obj_create: Cannot find proj.db
pj_obj_create: Cannot find proj.db
Success.
pj_obj_create: Cannot find proj.db
pj_obj_create: Cannot find proj.db
pj_obj_create: Cannot find proj.db
146
 Retrying in 1 seconds
[ep74_best] seed 6020 sample 0: avg 422.4 p90 792.0 compl 1.000 detour 0.391
pj_obj_create: Cannot find proj.db
pj_obj_create: Cannot find proj.db
pj_obj_create: Cannot find proj.db
 Retrying in 1 seconds
[ep74_best] seed 6020 sample 1: avg 405.8 p90 765.4 compl 1.000 detour 0.414
pj_obj_create: Cannot find proj.db
pj_obj_create: Cannot find proj.db
pj_obj_create: Cannot find proj.db
 Retrying in 1 seconds
[ep74_best] seed 6020 sample 2: avg 393.1 p90 765.2 compl 1.000 detour 0.418
calling .venv/lib/python3.14/site-packages/sumo/bin/duarouter -n ./configurations/./maps/simple_nyc.net.xml -r trips.trips.xml --ignore-errors --begin 0 --end 225.0 --no-step-log --no-warnings -o ./configurations/./rou/str_sumo_nyc.rou.xml
pj_obj_create: Cannot find proj.db
pj_obj_create: Cannot find proj.db
pj_obj_create: Cannot find proj.db
Success.
pj_obj_create: Cannot find proj.db
pj_obj_create: Cannot find proj.db
pj_obj_create: Cannot find proj.db
143
 Retrying in 1 seconds
[ep74_best] seed 6021 sample 0: avg 296.3 p90 570.2 compl 1.000 detour 0.333
pj_obj_create: Cannot find proj.db
pj_obj_create: Cannot find proj.db
pj_obj_create: Cannot find proj.db
 Retrying in 1 seconds
[ep74_best] seed 6021 sample 1: avg 317.9 p90 586.8 compl 1.000 detour 0.353
pj_obj_create: Cannot find proj.db
pj_obj_create: Cannot find proj.db
pj_obj_create: Cannot find proj.db
 Retrying in 1 seconds
[ep74_best] seed 6021 sample 2: avg 313.0 p90 593.1 compl 1.000 detour 0.331
calling .venv/lib/python3.14/site-packages/sumo/bin/duarouter -n ./configurations/./maps/simple_nyc.net.xml -r trips.trips.xml --ignore-errors --begin 0 --end 225.0 --no-step-log --no-warnings -o ./configurations/./rou/str_sumo_nyc.rou.xml
pj_obj_create: Cannot find proj.db
pj_obj_create: Cannot find proj.db
pj_obj_create: Cannot find proj.db
Success.
pj_obj_create: Cannot find proj.db
pj_obj_create: Cannot find proj.db
pj_obj_create: Cannot find proj.db
145
 Retrying in 1 seconds
[ep74_best] seed 6022 sample 0: avg 779.0 p90 1343.5 compl 1.000 detour 0.499
pj_obj_create: Cannot find proj.db
pj_obj_create: Cannot find proj.db
pj_obj_create: Cannot find proj.db
 Retrying in 1 seconds
[ep74_best] seed 6022 sample 1: avg 828.4 p90 1398.3 compl 1.000 detour 0.489
pj_obj_create: Cannot find proj.db
pj_obj_create: Cannot find proj.db
pj_obj_create: Cannot find proj.db
 Retrying in 1 seconds
[ep74_best] seed 6022 sample 2: avg 1120.1 p90 1739.2 compl 1.000 detour 0.536
calling .venv/lib/python3.14/site-packages/sumo/bin/duarouter -n ./configurations/./maps/simple_nyc.net.xml -r trips.trips.xml --ignore-errors --begin 0 --end 225.0 --no-step-log --no-warnings -o ./configurations/./rou/str_sumo_nyc.rou.xml
pj_obj_create: Cannot find proj.db
pj_obj_create: Cannot find proj.db
pj_obj_create: Cannot find proj.db
Success.
pj_obj_create: Cannot find proj.db
pj_obj_create: Cannot find proj.db
pj_obj_create: Cannot find proj.db
146
 Retrying in 1 seconds
[ep74_best] seed 6023 sample 0: avg 394.2 p90 742.2 compl 1.000 detour 0.336
pj_obj_create: Cannot find proj.db
pj_obj_create: Cannot find proj.db
pj_obj_create: Cannot find proj.db
 Retrying in 1 seconds
[ep74_best] seed 6023 sample 1: avg 358.3 p90 652.1 compl 1.000 detour 0.328
pj_obj_create: Cannot find proj.db
pj_obj_create: Cannot find proj.db
pj_obj_create: Cannot find proj.db
 Retrying in 1 seconds
[ep74_best] seed 6023 sample 2: avg 377.4 p90 712.2 compl 1.000 detour 0.319
calling .venv/lib/python3.14/site-packages/sumo/bin/duarouter -n ./configurations/./maps/simple_nyc.net.xml -r trips.trips.xml --ignore-errors --begin 0 --end 225.0 --no-step-log --no-warnings -o ./configurations/./rou/str_sumo_nyc.rou.xml
pj_obj_create: Cannot find proj.db
pj_obj_create: Cannot find proj.db
pj_obj_create: Cannot find proj.db
Success.
pj_obj_create: Cannot find proj.db
pj_obj_create: Cannot find proj.db
pj_obj_create: Cannot find proj.db
145
 Retrying in 1 seconds
[ep74_best] seed 6024 sample 0: avg 283.0 p90 526.3 compl 1.000 detour 0.410
pj_obj_create: Cannot find proj.db
pj_obj_create: Cannot find proj.db
pj_obj_create: Cannot find proj.db
 Retrying in 1 seconds
[ep74_best] seed 6024 sample 1: avg 282.1 p90 509.0 compl 1.000 detour 0.376
pj_obj_create: Cannot find proj.db
pj_obj_create: Cannot find proj.db
pj_obj_create: Cannot find proj.db
 Retrying in 1 seconds
[ep74_best] seed 6024 sample 2: avg 301.4 p90 532.7 compl 1.000 detour 0.410
calling .venv/lib/python3.14/site-packages/sumo/bin/duarouter -n ./configurations/./maps/simple_nyc.net.xml -r trips.trips.xml --ignore-errors --begin 0 --end 225.0 --no-step-log --no-warnings -o ./configurations/./rou/str_sumo_nyc.rou.xml
pj_obj_create: Cannot find proj.db
pj_obj_create: Cannot find proj.db
pj_obj_create: Cannot find proj.db
Success.
pj_obj_create: Cannot find proj.db
pj_obj_create: Cannot find proj.db
pj_obj_create: Cannot find proj.db
143
 Retrying in 1 seconds
[ep74_best] seed 6025 sample 0: avg 330.7 p90 635.3 compl 1.000 detour 0.390
pj_obj_create: Cannot find proj.db
pj_obj_create: Cannot find proj.db
pj_obj_create: Cannot find proj.db
 Retrying in 1 seconds
[ep74_best] seed 6025 sample 1: avg 340.1 p90 620.3 compl 1.000 detour 0.378
pj_obj_create: Cannot find proj.db
pj_obj_create: Cannot find proj.db
pj_obj_create: Cannot find proj.db
 Retrying in 1 seconds
[ep74_best] seed 6025 sample 2: avg 314.6 p90 609.1 compl 1.000 detour 0.387
calling .venv/lib/python3.14/site-packages/sumo/bin/duarouter -n ./configurations/./maps/simple_nyc.net.xml -r trips.trips.xml --ignore-errors --begin 0 --end 225.0 --no-step-log --no-warnings -o ./configurations/./rou/str_sumo_nyc.rou.xml
pj_obj_create: Cannot find proj.db
pj_obj_create: Cannot find proj.db
pj_obj_create: Cannot find proj.db
Success.
pj_obj_create: Cannot find proj.db
pj_obj_create: Cannot find proj.db
pj_obj_create: Cannot find proj.db
147
 Retrying in 1 seconds
[ep74_best] seed 6026 sample 0: avg 469.2 p90 865.1 compl 1.000 detour 0.462
pj_obj_create: Cannot find proj.db
pj_obj_create: Cannot find proj.db
pj_obj_create: Cannot find proj.db
 Retrying in 1 seconds
[ep74_best] seed 6026 sample 1: avg 481.5 p90 851.4 compl 1.000 detour 0.464
pj_obj_create: Cannot find proj.db
pj_obj_create: Cannot find proj.db
pj_obj_create: Cannot find proj.db
 Retrying in 1 seconds
[ep74_best] seed 6026 sample 2: avg 488.9 p90 904.1 compl 1.000 detour 0.446
calling .venv/lib/python3.14/site-packages/sumo/bin/duarouter -n ./configurations/./maps/simple_nyc.net.xml -r trips.trips.xml --ignore-errors --begin 0 --end 225.0 --no-step-log --no-warnings -o ./configurations/./rou/str_sumo_nyc.rou.xml
pj_obj_create: Cannot find proj.db
pj_obj_create: Cannot find proj.db
pj_obj_create: Cannot find proj.db
Success.
pj_obj_create: Cannot find proj.db
pj_obj_create: Cannot find proj.db
pj_obj_create: Cannot find proj.db
141
 Retrying in 1 seconds
[ep74_best] seed 6027 sample 0: avg 327.4 p90 610.2 compl 1.000 detour 0.365
pj_obj_create: Cannot find proj.db
pj_obj_create: Cannot find proj.db
pj_obj_create: Cannot find proj.db
 Retrying in 1 seconds
[ep74_best] seed 6027 sample 1: avg 335.4 p90 612.0 compl 1.000 detour 0.380
pj_obj_create: Cannot find proj.db
pj_obj_create: Cannot find proj.db
pj_obj_create: Cannot find proj.db
 Retrying in 1 seconds
[ep74_best] seed 6027 sample 2: avg 316.7 p90 590.3 compl 1.000 detour 0.360
calling .venv/lib/python3.14/site-packages/sumo/bin/duarouter -n ./configurations/./maps/simple_nyc.net.xml -r trips.trips.xml --ignore-errors --begin 0 --end 225.0 --no-step-log --no-warnings -o ./configurations/./rou/str_sumo_nyc.rou.xml
pj_obj_create: Cannot find proj.db
pj_obj_create: Cannot find proj.db
pj_obj_create: Cannot find proj.db
Success.
pj_obj_create: Cannot find proj.db
pj_obj_create: Cannot find proj.db
pj_obj_create: Cannot find proj.db
143
 Retrying in 1 seconds
[ep74_best] seed 6028 sample 0: avg 371.0 p90 727.1 compl 1.000 detour 0.461
pj_obj_create: Cannot find proj.db
pj_obj_create: Cannot find proj.db
pj_obj_create: Cannot find proj.db
 Retrying in 1 seconds
[ep74_best] seed 6028 sample 1: avg 373.8 p90 741.3 compl 1.000 detour 0.431
pj_obj_create: Cannot find proj.db
pj_obj_create: Cannot find proj.db
pj_obj_create: Cannot find proj.db
 Retrying in 1 seconds
[ep74_best] seed 6028 sample 2: avg 365.6 p90 707.2 compl 1.000 detour 0.428
calling .venv/lib/python3.14/site-packages/sumo/bin/duarouter -n ./configurations/./maps/simple_nyc.net.xml -r trips.trips.xml --ignore-errors --begin 0 --end 225.0 --no-step-log --no-warnings -o ./configurations/./rou/str_sumo_nyc.rou.xml
pj_obj_create: Cannot find proj.db
pj_obj_create: Cannot find proj.db
pj_obj_create: Cannot find proj.db
Success.
pj_obj_create: Cannot find proj.db
pj_obj_create: Cannot find proj.db
pj_obj_create: Cannot find proj.db
146
 Retrying in 1 seconds
[ep74_best] seed 6029 sample 0: avg 306.0 p90 570.5 compl 1.000 detour 0.362
pj_obj_create: Cannot find proj.db
pj_obj_create: Cannot find proj.db
pj_obj_create: Cannot find proj.db
 Retrying in 1 seconds
[ep74_best] seed 6029 sample 1: avg 333.4 p90 619.3 compl 1.000 detour 0.367
pj_obj_create: Cannot find proj.db
pj_obj_create: Cannot find proj.db
pj_obj_create: Cannot find proj.db
 Retrying in 1 seconds
[ep74_best] seed 6029 sample 2: avg 313.8 p90 595.0 compl 1.000 detour 0.383
calling .venv/lib/python3.14/site-packages/sumo/bin/duarouter -n ./configurations/./maps/simple_nyc.net.xml -r trips.trips.xml --ignore-errors --begin 0 --end 225.0 --no-step-log --no-warnings -o ./configurations/./rou/str_sumo_nyc.rou.xml
pj_obj_create: Cannot find proj.db
pj_obj_create: Cannot find proj.db
pj_obj_create: Cannot find proj.db
Success.
pj_obj_create: Cannot find proj.db
pj_obj_create: Cannot find proj.db
pj_obj_create: Cannot find proj.db
147
 Retrying in 1 seconds
[ep149_final] seed 6000 sample 0: avg 416.3 p90 803.0 compl 1.000 detour 0.450
pj_obj_create: Cannot find proj.db
pj_obj_create: Cannot find proj.db
pj_obj_create: Cannot find proj.db
 Retrying in 1 seconds
[ep149_final] seed 6000 sample 1: avg 397.6 p90 773.1 compl 1.000 detour 0.477
pj_obj_create: Cannot find proj.db
pj_obj_create: Cannot find proj.db
pj_obj_create: Cannot find proj.db
 Retrying in 1 seconds
[ep149_final] seed 6000 sample 2: avg 404.9 p90 787.1 compl 1.000 detour 0.474
calling .venv/lib/python3.14/site-packages/sumo/bin/duarouter -n ./configurations/./maps/simple_nyc.net.xml -r trips.trips.xml --ignore-errors --begin 0 --end 225.0 --no-step-log --no-warnings -o ./configurations/./rou/str_sumo_nyc.rou.xml
pj_obj_create: Cannot find proj.db
pj_obj_create: Cannot find proj.db
pj_obj_create: Cannot find proj.db
Success.
pj_obj_create: Cannot find proj.db
pj_obj_create: Cannot find proj.db
pj_obj_create: Cannot find proj.db
148
 Retrying in 1 seconds
[ep149_final] seed 6001 sample 0: avg 635.9 p90 1144.1 compl 1.000 detour 0.500
pj_obj_create: Cannot find proj.db
pj_obj_create: Cannot find proj.db
pj_obj_create: Cannot find proj.db
 Retrying in 1 seconds
[ep149_final] seed 6001 sample 1: avg 654.1 p90 1160.9 compl 1.000 detour 0.520
pj_obj_create: Cannot find proj.db
pj_obj_create: Cannot find proj.db
pj_obj_create: Cannot find proj.db
 Retrying in 1 seconds
[ep149_final] seed 6001 sample 2: avg 662.7 p90 1161.1 compl 1.000 detour 0.516
calling .venv/lib/python3.14/site-packages/sumo/bin/duarouter -n ./configurations/./maps/simple_nyc.net.xml -r trips.trips.xml --ignore-errors --begin 0 --end 225.0 --no-step-log --no-warnings -o ./configurations/./rou/str_sumo_nyc.rou.xml
pj_obj_create: Cannot find proj.db
pj_obj_create: Cannot find proj.db
pj_obj_create: Cannot find proj.db
Success.
pj_obj_create: Cannot find proj.db
pj_obj_create: Cannot find proj.db
pj_obj_create: Cannot find proj.db
147
 Retrying in 1 seconds
[ep149_final] seed 6002 sample 0: avg 354.8 p90 651.1 compl 1.000 detour 0.437
pj_obj_create: Cannot find proj.db
pj_obj_create: Cannot find proj.db
pj_obj_create: Cannot find proj.db
 Retrying in 1 seconds
[ep149_final] seed 6002 sample 1: avg 333.9 p90 635.2 compl 1.000 detour 0.442
pj_obj_create: Cannot find proj.db
pj_obj_create: Cannot find proj.db
pj_obj_create: Cannot find proj.db
 Retrying in 1 seconds
[ep149_final] seed 6002 sample 2: avg 344.4 p90 645.7 compl 1.000 detour 0.430
calling .venv/lib/python3.14/site-packages/sumo/bin/duarouter -n ./configurations/./maps/simple_nyc.net.xml -r trips.trips.xml --ignore-errors --begin 0 --end 225.0 --no-step-log --no-warnings -o ./configurations/./rou/str_sumo_nyc.rou.xml
pj_obj_create: Cannot find proj.db
pj_obj_create: Cannot find proj.db
pj_obj_create: Cannot find proj.db
Success.
pj_obj_create: Cannot find proj.db
pj_obj_create: Cannot find proj.db
pj_obj_create: Cannot find proj.db
148
 Retrying in 1 seconds
[ep149_final] seed 6003 sample 0: avg 672.8 p90 1206.0 compl 1.000 detour 0.504
pj_obj_create: Cannot find proj.db
pj_obj_create: Cannot find proj.db
pj_obj_create: Cannot find proj.db
 Retrying in 1 seconds
[ep149_final] seed 6003 sample 1: avg 859.8 p90 1426.2 compl 1.000 detour 0.517
pj_obj_create: Cannot find proj.db
pj_obj_create: Cannot find proj.db
pj_obj_create: Cannot find proj.db
 Retrying in 1 seconds
[ep149_final] seed 6003 sample 2: avg 1493.7 p90 2343.7 compl 1.000 detour 0.564
calling .venv/lib/python3.14/site-packages/sumo/bin/duarouter -n ./configurations/./maps/simple_nyc.net.xml -r trips.trips.xml --ignore-errors --begin 0 --end 225.0 --no-step-log --no-warnings -o ./configurations/./rou/str_sumo_nyc.rou.xml
pj_obj_create: Cannot find proj.db
pj_obj_create: Cannot find proj.db
pj_obj_create: Cannot find proj.db
Success.
pj_obj_create: Cannot find proj.db
pj_obj_create: Cannot find proj.db
pj_obj_create: Cannot find proj.db
145
 Retrying in 1 seconds
[ep149_final] seed 6004 sample 0: avg 285.2 p90 514.0 compl 1.000 detour 0.371
pj_obj_create: Cannot find proj.db
pj_obj_create: Cannot find proj.db
pj_obj_create: Cannot find proj.db
 Retrying in 1 seconds
[ep149_final] seed 6004 sample 1: avg 278.8 p90 513.1 compl 1.000 detour 0.357
pj_obj_create: Cannot find proj.db
pj_obj_create: Cannot find proj.db
pj_obj_create: Cannot find proj.db
 Retrying in 1 seconds
[ep149_final] seed 6004 sample 2: avg 282.9 p90 516.1 compl 1.000 detour 0.350
calling .venv/lib/python3.14/site-packages/sumo/bin/duarouter -n ./configurations/./maps/simple_nyc.net.xml -r trips.trips.xml --ignore-errors --begin 0 --end 225.0 --no-step-log --no-warnings -o ./configurations/./rou/str_sumo_nyc.rou.xml
pj_obj_create: Cannot find proj.db
pj_obj_create: Cannot find proj.db
pj_obj_create: Cannot find proj.db
Success.
pj_obj_create: Cannot find proj.db
pj_obj_create: Cannot find proj.db
pj_obj_create: Cannot find proj.db
146
 Retrying in 1 seconds
[ep149_final] seed 6005 sample 0: avg 645.7 p90 1198.1 compl 1.000 detour 0.483
pj_obj_create: Cannot find proj.db
pj_obj_create: Cannot find proj.db
pj_obj_create: Cannot find proj.db
 Retrying in 1 seconds
[ep149_final] seed 6005 sample 1: avg 627.3 p90 1170.1 compl 1.000 detour 0.470
pj_obj_create: Cannot find proj.db
pj_obj_create: Cannot find proj.db
pj_obj_create: Cannot find proj.db
 Retrying in 1 seconds
[ep149_final] seed 6005 sample 2: avg 650.7 p90 1187.5 compl 1.000 detour 0.493
calling .venv/lib/python3.14/site-packages/sumo/bin/duarouter -n ./configurations/./maps/simple_nyc.net.xml -r trips.trips.xml --ignore-errors --begin 0 --end 225.0 --no-step-log --no-warnings -o ./configurations/./rou/str_sumo_nyc.rou.xml
pj_obj_create: Cannot find proj.db
pj_obj_create: Cannot find proj.db
pj_obj_create: Cannot find proj.db
Success.
pj_obj_create: Cannot find proj.db
pj_obj_create: Cannot find proj.db
pj_obj_create: Cannot find proj.db
147
 Retrying in 1 seconds
[ep149_final] seed 6006 sample 0: avg 376.0 p90 734.9 compl 1.000 detour 0.449
pj_obj_create: Cannot find proj.db
pj_obj_create: Cannot find proj.db
pj_obj_create: Cannot find proj.db
 Retrying in 1 seconds
[ep149_final] seed 6006 sample 1: avg 365.5 p90 734.2 compl 1.000 detour 0.430
pj_obj_create: Cannot find proj.db
pj_obj_create: Cannot find proj.db
pj_obj_create: Cannot find proj.db
 Retrying in 1 seconds
[ep149_final] seed 6006 sample 2: avg 366.4 p90 732.0 compl 1.000 detour 0.448
calling .venv/lib/python3.14/site-packages/sumo/bin/duarouter -n ./configurations/./maps/simple_nyc.net.xml -r trips.trips.xml --ignore-errors --begin 0 --end 225.0 --no-step-log --no-warnings -o ./configurations/./rou/str_sumo_nyc.rou.xml
pj_obj_create: Cannot find proj.db
pj_obj_create: Cannot find proj.db
pj_obj_create: Cannot find proj.db
Success.
pj_obj_create: Cannot find proj.db
pj_obj_create: Cannot find proj.db
pj_obj_create: Cannot find proj.db
146
 Retrying in 1 seconds
[ep149_final] seed 6007 sample 0: avg 538.6 p90 1008.3 compl 1.000 detour 0.464
pj_obj_create: Cannot find proj.db
pj_obj_create: Cannot find proj.db
pj_obj_create: Cannot find proj.db
 Retrying in 1 seconds
[ep149_final] seed 6007 sample 1: avg 537.0 p90 1016.1 compl 1.000 detour 0.469
pj_obj_create: Cannot find proj.db
pj_obj_create: Cannot find proj.db
pj_obj_create: Cannot find proj.db
 Retrying in 1 seconds
[ep149_final] seed 6007 sample 2: avg 534.0 p90 992.2 compl 1.000 detour 0.495
calling .venv/lib/python3.14/site-packages/sumo/bin/duarouter -n ./configurations/./maps/simple_nyc.net.xml -r trips.trips.xml --ignore-errors --begin 0 --end 225.0 --no-step-log --no-warnings -o ./configurations/./rou/str_sumo_nyc.rou.xml
pj_obj_create: Cannot find proj.db
pj_obj_create: Cannot find proj.db
pj_obj_create: Cannot find proj.db
Success.
pj_obj_create: Cannot find proj.db
pj_obj_create: Cannot find proj.db
pj_obj_create: Cannot find proj.db
146
 Retrying in 1 seconds
[ep149_final] seed 6008 sample 0: avg 307.5 p90 603.4 compl 1.000 detour 0.391
pj_obj_create: Cannot find proj.db
pj_obj_create: Cannot find proj.db
pj_obj_create: Cannot find proj.db
 Retrying in 1 seconds
[ep149_final] seed 6008 sample 1: avg 301.5 p90 583.1 compl 1.000 detour 0.383
pj_obj_create: Cannot find proj.db
pj_obj_create: Cannot find proj.db
pj_obj_create: Cannot find proj.db
 Retrying in 1 seconds
[ep149_final] seed 6008 sample 2: avg 297.7 p90 576.3 compl 1.000 detour 0.401
calling .venv/lib/python3.14/site-packages/sumo/bin/duarouter -n ./configurations/./maps/simple_nyc.net.xml -r trips.trips.xml --ignore-errors --begin 0 --end 225.0 --no-step-log --no-warnings -o ./configurations/./rou/str_sumo_nyc.rou.xml
pj_obj_create: Cannot find proj.db
pj_obj_create: Cannot find proj.db
pj_obj_create: Cannot find proj.db
Success.
pj_obj_create: Cannot find proj.db
pj_obj_create: Cannot find proj.db
pj_obj_create: Cannot find proj.db
147
 Retrying in 1 seconds
[ep149_final] seed 6009 sample 0: avg 310.7 p90 600.4 compl 1.000 detour 0.435
pj_obj_create: Cannot find proj.db
pj_obj_create: Cannot find proj.db
pj_obj_create: Cannot find proj.db
 Retrying in 1 seconds
[ep149_final] seed 6009 sample 1: avg 302.8 p90 571.1 compl 1.000 detour 0.431
pj_obj_create: Cannot find proj.db
pj_obj_create: Cannot find proj.db
pj_obj_create: Cannot find proj.db
 Retrying in 1 seconds
[ep149_final] seed 6009 sample 2: avg 299.4 p90 558.3 compl 1.000 detour 0.416
calling .venv/lib/python3.14/site-packages/sumo/bin/duarouter -n ./configurations/./maps/simple_nyc.net.xml -r trips.trips.xml --ignore-errors --begin 0 --end 225.0 --no-step-log --no-warnings -o ./configurations/./rou/str_sumo_nyc.rou.xml
pj_obj_create: Cannot find proj.db
pj_obj_create: Cannot find proj.db
pj_obj_create: Cannot find proj.db
Success.
pj_obj_create: Cannot find proj.db
pj_obj_create: Cannot find proj.db
pj_obj_create: Cannot find proj.db
145
 Retrying in 1 seconds
[ep149_final] seed 6010 sample 0: avg 638.6 p90 1186.2 compl 1.000 detour 0.438
pj_obj_create: Cannot find proj.db
pj_obj_create: Cannot find proj.db
pj_obj_create: Cannot find proj.db
 Retrying in 1 seconds
[ep149_final] seed 6010 sample 1: avg 631.3 p90 1175.1 compl 1.000 detour 0.419
pj_obj_create: Cannot find proj.db
pj_obj_create: Cannot find proj.db
pj_obj_create: Cannot find proj.db
 Retrying in 1 seconds
[ep149_final] seed 6010 sample 2: avg 636.3 p90 1183.2 compl 1.000 detour 0.411
calling .venv/lib/python3.14/site-packages/sumo/bin/duarouter -n ./configurations/./maps/simple_nyc.net.xml -r trips.trips.xml --ignore-errors --begin 0 --end 225.0 --no-step-log --no-warnings -o ./configurations/./rou/str_sumo_nyc.rou.xml
pj_obj_create: Cannot find proj.db
pj_obj_create: Cannot find proj.db
pj_obj_create: Cannot find proj.db
Success.
pj_obj_create: Cannot find proj.db
pj_obj_create: Cannot find proj.db
pj_obj_create: Cannot find proj.db
146
 Retrying in 1 seconds
[ep149_final] seed 6011 sample 0: avg 335.0 p90 613.2 compl 1.000 detour 0.389
pj_obj_create: Cannot find proj.db
pj_obj_create: Cannot find proj.db
pj_obj_create: Cannot find proj.db
 Retrying in 1 seconds
[ep149_final] seed 6011 sample 1: avg 343.5 p90 613.2 compl 1.000 detour 0.405
pj_obj_create: Cannot find proj.db
pj_obj_create: Cannot find proj.db
pj_obj_create: Cannot find proj.db
 Retrying in 1 seconds
[ep149_final] seed 6011 sample 2: avg 324.2 p90 608.0 compl 1.000 detour 0.399
calling .venv/lib/python3.14/site-packages/sumo/bin/duarouter -n ./configurations/./maps/simple_nyc.net.xml -r trips.trips.xml --ignore-errors --begin 0 --end 225.0 --no-step-log --no-warnings -o ./configurations/./rou/str_sumo_nyc.rou.xml
pj_obj_create: Cannot find proj.db
pj_obj_create: Cannot find proj.db
pj_obj_create: Cannot find proj.db
Success.
pj_obj_create: Cannot find proj.db
pj_obj_create: Cannot find proj.db
pj_obj_create: Cannot find proj.db
142
 Retrying in 1 seconds
[ep149_final] seed 6012 sample 0: avg 320.9 p90 582.3 compl 1.000 detour 0.372
pj_obj_create: Cannot find proj.db
pj_obj_create: Cannot find proj.db
pj_obj_create: Cannot find proj.db
 Retrying in 1 seconds
[ep149_final] seed 6012 sample 1: avg 312.9 p90 589.0 compl 1.000 detour 0.354
pj_obj_create: Cannot find proj.db
pj_obj_create: Cannot find proj.db
pj_obj_create: Cannot find proj.db
 Retrying in 1 seconds
[ep149_final] seed 6012 sample 2: avg 332.3 p90 601.5 compl 1.000 detour 0.369
calling .venv/lib/python3.14/site-packages/sumo/bin/duarouter -n ./configurations/./maps/simple_nyc.net.xml -r trips.trips.xml --ignore-errors --begin 0 --end 225.0 --no-step-log --no-warnings -o ./configurations/./rou/str_sumo_nyc.rou.xml
pj_obj_create: Cannot find proj.db
pj_obj_create: Cannot find proj.db
pj_obj_create: Cannot find proj.db
Success.
pj_obj_create: Cannot find proj.db
pj_obj_create: Cannot find proj.db
pj_obj_create: Cannot find proj.db
148
 Retrying in 1 seconds
[ep149_final] seed 6013 sample 0: avg 559.8 p90 996.2 compl 1.000 detour 0.301
pj_obj_create: Cannot find proj.db
pj_obj_create: Cannot find proj.db
pj_obj_create: Cannot find proj.db
 Retrying in 1 seconds
[ep149_final] seed 6013 sample 1: avg 554.5 p90 1007.0 compl 1.000 detour 0.284
pj_obj_create: Cannot find proj.db
pj_obj_create: Cannot find proj.db
pj_obj_create: Cannot find proj.db
 Retrying in 1 seconds
[ep149_final] seed 6013 sample 2: avg 561.6 p90 1012.4 compl 1.000 detour 0.302
calling .venv/lib/python3.14/site-packages/sumo/bin/duarouter -n ./configurations/./maps/simple_nyc.net.xml -r trips.trips.xml --ignore-errors --begin 0 --end 225.0 --no-step-log --no-warnings -o ./configurations/./rou/str_sumo_nyc.rou.xml
pj_obj_create: Cannot find proj.db
pj_obj_create: Cannot find proj.db
pj_obj_create: Cannot find proj.db
Success.
pj_obj_create: Cannot find proj.db
pj_obj_create: Cannot find proj.db
pj_obj_create: Cannot find proj.db
144
 Retrying in 1 seconds
[ep149_final] seed 6014 sample 0: avg 359.8 p90 653.0 compl 1.000 detour 0.307
pj_obj_create: Cannot find proj.db
pj_obj_create: Cannot find proj.db
pj_obj_create: Cannot find proj.db
 Retrying in 1 seconds
[ep149_final] seed 6014 sample 1: avg 353.4 p90 640.1 compl 1.000 detour 0.301
pj_obj_create: Cannot find proj.db
pj_obj_create: Cannot find proj.db
pj_obj_create: Cannot find proj.db
 Retrying in 1 seconds
[ep149_final] seed 6014 sample 2: avg 351.3 p90 627.0 compl 1.000 detour 0.313
calling .venv/lib/python3.14/site-packages/sumo/bin/duarouter -n ./configurations/./maps/simple_nyc.net.xml -r trips.trips.xml --ignore-errors --begin 0 --end 225.0 --no-step-log --no-warnings -o ./configurations/./rou/str_sumo_nyc.rou.xml
pj_obj_create: Cannot find proj.db
pj_obj_create: Cannot find proj.db
pj_obj_create: Cannot find proj.db
Success.
pj_obj_create: Cannot find proj.db
pj_obj_create: Cannot find proj.db
pj_obj_create: Cannot find proj.db
148
 Retrying in 1 seconds
[ep149_final] seed 6015 sample 0: avg 612.8 p90 1132.4 compl 1.000 detour 0.468
pj_obj_create: Cannot find proj.db
pj_obj_create: Cannot find proj.db
pj_obj_create: Cannot find proj.db
 Retrying in 1 seconds
[ep149_final] seed 6015 sample 1: avg 544.3 p90 1040.4 compl 1.000 detour 0.500
pj_obj_create: Cannot find proj.db
pj_obj_create: Cannot find proj.db
pj_obj_create: Cannot find proj.db
 Retrying in 1 seconds
[ep149_final] seed 6015 sample 2: avg 580.4 p90 1097.1 compl 1.000 detour 0.476
calling .venv/lib/python3.14/site-packages/sumo/bin/duarouter -n ./configurations/./maps/simple_nyc.net.xml -r trips.trips.xml --ignore-errors --begin 0 --end 225.0 --no-step-log --no-warnings -o ./configurations/./rou/str_sumo_nyc.rou.xml
pj_obj_create: Cannot find proj.db
pj_obj_create: Cannot find proj.db
pj_obj_create: Cannot find proj.db
Success.
pj_obj_create: Cannot find proj.db
pj_obj_create: Cannot find proj.db
pj_obj_create: Cannot find proj.db
145
 Retrying in 1 seconds
[ep149_final] seed 6016 sample 0: avg 575.8 p90 1069.0 compl 1.000 detour 0.452
pj_obj_create: Cannot find proj.db
pj_obj_create: Cannot find proj.db
pj_obj_create: Cannot find proj.db
 Retrying in 1 seconds
[ep149_final] seed 6016 sample 1: avg 539.1 p90 1085.1 compl 1.000 detour 0.463
pj_obj_create: Cannot find proj.db
pj_obj_create: Cannot find proj.db
pj_obj_create: Cannot find proj.db
 Retrying in 1 seconds
[ep149_final] seed 6016 sample 2: avg 566.3 p90 1080.2 compl 1.000 detour 0.442
calling .venv/lib/python3.14/site-packages/sumo/bin/duarouter -n ./configurations/./maps/simple_nyc.net.xml -r trips.trips.xml --ignore-errors --begin 0 --end 225.0 --no-step-log --no-warnings -o ./configurations/./rou/str_sumo_nyc.rou.xml
pj_obj_create: Cannot find proj.db
pj_obj_create: Cannot find proj.db
pj_obj_create: Cannot find proj.db
Success.
pj_obj_create: Cannot find proj.db
pj_obj_create: Cannot find proj.db
pj_obj_create: Cannot find proj.db
145
 Retrying in 1 seconds
[ep149_final] seed 6017 sample 0: avg 558.4 p90 1022.1 compl 1.000 detour 0.470
pj_obj_create: Cannot find proj.db
pj_obj_create: Cannot find proj.db
pj_obj_create: Cannot find proj.db
 Retrying in 1 seconds
[ep149_final] seed 6017 sample 1: avg 574.6 p90 1047.8 compl 1.000 detour 0.475
pj_obj_create: Cannot find proj.db
pj_obj_create: Cannot find proj.db
pj_obj_create: Cannot find proj.db
 Retrying in 1 seconds
[ep149_final] seed 6017 sample 2: avg 556.7 p90 1059.1 compl 1.000 detour 0.462
calling .venv/lib/python3.14/site-packages/sumo/bin/duarouter -n ./configurations/./maps/simple_nyc.net.xml -r trips.trips.xml --ignore-errors --begin 0 --end 225.0 --no-step-log --no-warnings -o ./configurations/./rou/str_sumo_nyc.rou.xml
pj_obj_create: Cannot find proj.db
pj_obj_create: Cannot find proj.db
pj_obj_create: Cannot find proj.db
Success.
pj_obj_create: Cannot find proj.db
pj_obj_create: Cannot find proj.db
pj_obj_create: Cannot find proj.db
145
 Retrying in 1 seconds
[ep149_final] seed 6018 sample 0: avg 640.0 p90 1204.1 compl 1.000 detour 0.443
pj_obj_create: Cannot find proj.db
pj_obj_create: Cannot find proj.db
pj_obj_create: Cannot find proj.db
 Retrying in 1 seconds
[ep149_final] seed 6018 sample 1: avg 654.9 p90 1229.0 compl 1.000 detour 0.457
pj_obj_create: Cannot find proj.db
pj_obj_create: Cannot find proj.db
pj_obj_create: Cannot find proj.db
 Retrying in 1 seconds
[ep149_final] seed 6018 sample 2: avg 674.7 p90 1231.1 compl 1.000 detour 0.464
calling .venv/lib/python3.14/site-packages/sumo/bin/duarouter -n ./configurations/./maps/simple_nyc.net.xml -r trips.trips.xml --ignore-errors --begin 0 --end 225.0 --no-step-log --no-warnings -o ./configurations/./rou/str_sumo_nyc.rou.xml
pj_obj_create: Cannot find proj.db
pj_obj_create: Cannot find proj.db
pj_obj_create: Cannot find proj.db
Success.
pj_obj_create: Cannot find proj.db
pj_obj_create: Cannot find proj.db
pj_obj_create: Cannot find proj.db
146
 Retrying in 1 seconds
[ep149_final] seed 6019 sample 0: avg 601.7 p90 1156.0 compl 1.000 detour 0.467
pj_obj_create: Cannot find proj.db
pj_obj_create: Cannot find proj.db
pj_obj_create: Cannot find proj.db
 Retrying in 1 seconds
[ep149_final] seed 6019 sample 1: avg 611.7 p90 1154.5 compl 1.000 detour 0.483
pj_obj_create: Cannot find proj.db
pj_obj_create: Cannot find proj.db
pj_obj_create: Cannot find proj.db
 Retrying in 1 seconds
[ep149_final] seed 6019 sample 2: avg 596.5 p90 1134.3 compl 1.000 detour 0.502
calling .venv/lib/python3.14/site-packages/sumo/bin/duarouter -n ./configurations/./maps/simple_nyc.net.xml -r trips.trips.xml --ignore-errors --begin 0 --end 225.0 --no-step-log --no-warnings -o ./configurations/./rou/str_sumo_nyc.rou.xml
pj_obj_create: Cannot find proj.db
pj_obj_create: Cannot find proj.db
pj_obj_create: Cannot find proj.db
Success.
pj_obj_create: Cannot find proj.db
pj_obj_create: Cannot find proj.db
pj_obj_create: Cannot find proj.db
146
 Retrying in 1 seconds
[ep149_final] seed 6020 sample 0: avg 414.0 p90 805.2 compl 1.000 detour 0.414
pj_obj_create: Cannot find proj.db
pj_obj_create: Cannot find proj.db
pj_obj_create: Cannot find proj.db
 Retrying in 1 seconds
[ep149_final] seed 6020 sample 1: avg 411.0 p90 794.2 compl 1.000 detour 0.414
pj_obj_create: Cannot find proj.db
pj_obj_create: Cannot find proj.db
pj_obj_create: Cannot find proj.db
 Retrying in 1 seconds
[ep149_final] seed 6020 sample 2: avg 406.2 p90 805.0 compl 1.000 detour 0.420
calling .venv/lib/python3.14/site-packages/sumo/bin/duarouter -n ./configurations/./maps/simple_nyc.net.xml -r trips.trips.xml --ignore-errors --begin 0 --end 225.0 --no-step-log --no-warnings -o ./configurations/./rou/str_sumo_nyc.rou.xml
pj_obj_create: Cannot find proj.db
pj_obj_create: Cannot find proj.db
pj_obj_create: Cannot find proj.db
Success.
pj_obj_create: Cannot find proj.db
pj_obj_create: Cannot find proj.db
pj_obj_create: Cannot find proj.db
143
 Retrying in 1 seconds
[ep149_final] seed 6021 sample 0: avg 319.3 p90 575.0 compl 1.000 detour 0.345
pj_obj_create: Cannot find proj.db
pj_obj_create: Cannot find proj.db
pj_obj_create: Cannot find proj.db
 Retrying in 1 seconds
[ep149_final] seed 6021 sample 1: avg 331.0 p90 607.1 compl 1.000 detour 0.341
pj_obj_create: Cannot find proj.db
pj_obj_create: Cannot find proj.db
pj_obj_create: Cannot find proj.db
 Retrying in 1 seconds
[ep149_final] seed 6021 sample 2: avg 343.2 p90 632.0 compl 1.000 detour 0.339
calling .venv/lib/python3.14/site-packages/sumo/bin/duarouter -n ./configurations/./maps/simple_nyc.net.xml -r trips.trips.xml --ignore-errors --begin 0 --end 225.0 --no-step-log --no-warnings -o ./configurations/./rou/str_sumo_nyc.rou.xml
pj_obj_create: Cannot find proj.db
pj_obj_create: Cannot find proj.db
pj_obj_create: Cannot find proj.db
Success.
pj_obj_create: Cannot find proj.db
pj_obj_create: Cannot find proj.db
pj_obj_create: Cannot find proj.db
145
 Retrying in 1 seconds
[ep149_final] seed 6022 sample 0: avg 584.0 p90 1067.4 compl 1.000 detour 0.497
pj_obj_create: Cannot find proj.db
pj_obj_create: Cannot find proj.db
pj_obj_create: Cannot find proj.db
 Retrying in 1 seconds
[ep149_final] seed 6022 sample 1: avg 612.8 p90 1125.8 compl 1.000 detour 0.535
pj_obj_create: Cannot find proj.db
pj_obj_create: Cannot find proj.db
pj_obj_create: Cannot find proj.db
 Retrying in 1 seconds
[ep149_final] seed 6022 sample 2: avg 737.2 p90 1299.0 compl 1.000 detour 0.531
calling .venv/lib/python3.14/site-packages/sumo/bin/duarouter -n ./configurations/./maps/simple_nyc.net.xml -r trips.trips.xml --ignore-errors --begin 0 --end 225.0 --no-step-log --no-warnings -o ./configurations/./rou/str_sumo_nyc.rou.xml
pj_obj_create: Cannot find proj.db
pj_obj_create: Cannot find proj.db
pj_obj_create: Cannot find proj.db
Success.
pj_obj_create: Cannot find proj.db
pj_obj_create: Cannot find proj.db
pj_obj_create: Cannot find proj.db
146
 Retrying in 1 seconds
[ep149_final] seed 6023 sample 0: avg 383.8 p90 700.1 compl 1.000 detour 0.355
pj_obj_create: Cannot find proj.db
pj_obj_create: Cannot find proj.db
pj_obj_create: Cannot find proj.db
 Retrying in 1 seconds
[ep149_final] seed 6023 sample 1: avg 379.7 p90 686.2 compl 1.000 detour 0.371
pj_obj_create: Cannot find proj.db
pj_obj_create: Cannot find proj.db
pj_obj_create: Cannot find proj.db
 Retrying in 1 seconds
[ep149_final] seed 6023 sample 2: avg 383.3 p90 708.4 compl 1.000 detour 0.352
calling .venv/lib/python3.14/site-packages/sumo/bin/duarouter -n ./configurations/./maps/simple_nyc.net.xml -r trips.trips.xml --ignore-errors --begin 0 --end 225.0 --no-step-log --no-warnings -o ./configurations/./rou/str_sumo_nyc.rou.xml
pj_obj_create: Cannot find proj.db
pj_obj_create: Cannot find proj.db
pj_obj_create: Cannot find proj.db
Success.
pj_obj_create: Cannot find proj.db
pj_obj_create: Cannot find proj.db
pj_obj_create: Cannot find proj.db
145
 Retrying in 1 seconds
[ep149_final] seed 6024 sample 0: avg 271.0 p90 506.1 compl 1.000 detour 0.398
pj_obj_create: Cannot find proj.db
pj_obj_create: Cannot find proj.db
pj_obj_create: Cannot find proj.db
 Retrying in 1 seconds
[ep149_final] seed 6024 sample 1: avg 264.6 p90 498.1 compl 1.000 detour 0.390
pj_obj_create: Cannot find proj.db
pj_obj_create: Cannot find proj.db
pj_obj_create: Cannot find proj.db
 Retrying in 1 seconds
[ep149_final] seed 6024 sample 2: avg 285.0 p90 509.0 compl 1.000 detour 0.412
calling .venv/lib/python3.14/site-packages/sumo/bin/duarouter -n ./configurations/./maps/simple_nyc.net.xml -r trips.trips.xml --ignore-errors --begin 0 --end 225.0 --no-step-log --no-warnings -o ./configurations/./rou/str_sumo_nyc.rou.xml
pj_obj_create: Cannot find proj.db
pj_obj_create: Cannot find proj.db
pj_obj_create: Cannot find proj.db
Success.
pj_obj_create: Cannot find proj.db
pj_obj_create: Cannot find proj.db
pj_obj_create: Cannot find proj.db
143
 Retrying in 1 seconds
[ep149_final] seed 6025 sample 0: avg 316.3 p90 584.4 compl 1.000 detour 0.405
pj_obj_create: Cannot find proj.db
pj_obj_create: Cannot find proj.db
pj_obj_create: Cannot find proj.db
 Retrying in 1 seconds
[ep149_final] seed 6025 sample 1: avg 319.6 p90 609.0 compl 1.000 detour 0.373
pj_obj_create: Cannot find proj.db
pj_obj_create: Cannot find proj.db
pj_obj_create: Cannot find proj.db
 Retrying in 1 seconds
[ep149_final] seed 6025 sample 2: avg 304.3 p90 569.1 compl 1.000 detour 0.375
calling .venv/lib/python3.14/site-packages/sumo/bin/duarouter -n ./configurations/./maps/simple_nyc.net.xml -r trips.trips.xml --ignore-errors --begin 0 --end 225.0 --no-step-log --no-warnings -o ./configurations/./rou/str_sumo_nyc.rou.xml
pj_obj_create: Cannot find proj.db
pj_obj_create: Cannot find proj.db
pj_obj_create: Cannot find proj.db
Success.
pj_obj_create: Cannot find proj.db
pj_obj_create: Cannot find proj.db
pj_obj_create: Cannot find proj.db
147
 Retrying in 1 seconds
[ep149_final] seed 6026 sample 0: avg 482.0 p90 867.1 compl 1.000 detour 0.444
pj_obj_create: Cannot find proj.db
pj_obj_create: Cannot find proj.db
pj_obj_create: Cannot find proj.db
 Retrying in 1 seconds
[ep149_final] seed 6026 sample 1: avg 465.2 p90 847.4 compl 1.000 detour 0.474
pj_obj_create: Cannot find proj.db
pj_obj_create: Cannot find proj.db
pj_obj_create: Cannot find proj.db
 Retrying in 1 seconds
[ep149_final] seed 6026 sample 2: avg 481.9 p90 874.0 compl 1.000 detour 0.451
calling .venv/lib/python3.14/site-packages/sumo/bin/duarouter -n ./configurations/./maps/simple_nyc.net.xml -r trips.trips.xml --ignore-errors --begin 0 --end 225.0 --no-step-log --no-warnings -o ./configurations/./rou/str_sumo_nyc.rou.xml
pj_obj_create: Cannot find proj.db
pj_obj_create: Cannot find proj.db
pj_obj_create: Cannot find proj.db
Success.
pj_obj_create: Cannot find proj.db
pj_obj_create: Cannot find proj.db
pj_obj_create: Cannot find proj.db
141
 Retrying in 1 seconds
[ep149_final] seed 6027 sample 0: avg 326.6 p90 604.4 compl 1.000 detour 0.403
pj_obj_create: Cannot find proj.db
pj_obj_create: Cannot find proj.db
pj_obj_create: Cannot find proj.db
 Retrying in 1 seconds
[ep149_final] seed 6027 sample 1: avg 330.4 p90 618.2 compl 1.000 detour 0.404
pj_obj_create: Cannot find proj.db
pj_obj_create: Cannot find proj.db
pj_obj_create: Cannot find proj.db
 Retrying in 1 seconds
[ep149_final] seed 6027 sample 2: avg 334.9 p90 615.3 compl 1.000 detour 0.383
calling .venv/lib/python3.14/site-packages/sumo/bin/duarouter -n ./configurations/./maps/simple_nyc.net.xml -r trips.trips.xml --ignore-errors --begin 0 --end 225.0 --no-step-log --no-warnings -o ./configurations/./rou/str_sumo_nyc.rou.xml
pj_obj_create: Cannot find proj.db
pj_obj_create: Cannot find proj.db
pj_obj_create: Cannot find proj.db
Success.
pj_obj_create: Cannot find proj.db
pj_obj_create: Cannot find proj.db
pj_obj_create: Cannot find proj.db
143
 Retrying in 1 seconds
[ep149_final] seed 6028 sample 0: avg 349.8 p90 675.1 compl 1.000 detour 0.448
pj_obj_create: Cannot find proj.db
pj_obj_create: Cannot find proj.db
pj_obj_create: Cannot find proj.db
 Retrying in 1 seconds
[ep149_final] seed 6028 sample 1: avg 353.6 p90 702.1 compl 1.000 detour 0.416
pj_obj_create: Cannot find proj.db
pj_obj_create: Cannot find proj.db
pj_obj_create: Cannot find proj.db
 Retrying in 1 seconds
[ep149_final] seed 6028 sample 2: avg 361.3 p90 733.0 compl 1.000 detour 0.447
calling .venv/lib/python3.14/site-packages/sumo/bin/duarouter -n ./configurations/./maps/simple_nyc.net.xml -r trips.trips.xml --ignore-errors --begin 0 --end 225.0 --no-step-log --no-warnings -o ./configurations/./rou/str_sumo_nyc.rou.xml
pj_obj_create: Cannot find proj.db
pj_obj_create: Cannot find proj.db
pj_obj_create: Cannot find proj.db
Success.
pj_obj_create: Cannot find proj.db
pj_obj_create: Cannot find proj.db
pj_obj_create: Cannot find proj.db
146
 Retrying in 1 seconds
[ep149_final] seed 6029 sample 0: avg 304.3 p90 570.1 compl 1.000 detour 0.394
pj_obj_create: Cannot find proj.db
pj_obj_create: Cannot find proj.db
pj_obj_create: Cannot find proj.db
 Retrying in 1 seconds
[ep149_final] seed 6029 sample 1: avg 280.0 p90 550.1 compl 1.000 detour 0.367
pj_obj_create: Cannot find proj.db
pj_obj_create: Cannot find proj.db
pj_obj_create: Cannot find proj.db
 Retrying in 1 seconds
[ep149_final] seed 6029 sample 2: avg 314.6 p90 585.3 compl 1.000 detour 0.391

===== PHASE 2C SUMMARY (stochastic deployment: sampled + Layer A ON) =====

--- ep74_best (configurations/model/mappo_policy_nyc_phase2b.best.pt) ---
avg  : 477.5 (Dijkstra 603.5, greedy-ep74 440.2)
p90  : 878.5 (Dijkstra 1082.8, greedy-ep74 820.9)
compl: 1.0000   detour rate: 0.418
wins vs Dijkstra   (avg): 22/30   (p90): 23/30
wins vs greedy-ep74(avg): 6/30   (p90): 8/30
paired delta vs greedy-ep74: avg +37.3s (sign-test p=0.001), p90 +57.5s (sign-test p=0.016)

--- ep149_final (configurations/model/mappo_policy_nyc_phase2b.pt) ---
avg  : 461.0 (Dijkstra 603.5, greedy-ep74 440.2)
p90  : 852.2 (Dijkstra 1082.8, greedy-ep74 820.9)
compl: 1.0000   detour rate: 0.425
wins vs Dijkstra   (avg): 22/30   (p90): 23/30
wins vs greedy-ep74(avg): 10/30   (p90): 11/30
paired delta vs greedy-ep74: avg +20.8s (sign-test p=0.099), p90 +31.3s (sign-test p=0.200)
