[run] 297 tasks (3 already done), 10 workers
Python 3...
Python 3...
Python 3...
Python 3...
Python 3...
Python 3...
Python 3...
Python 3...
Python 3...
Python 3...
[run]   1/297 s4014 p010 dijkstra  fleet=300.2s subset=284.311 wall=2s (elapsed 2s)
[run]   2/297 s4016 p025 dijkstra  fleet=209.3s subset=225.714 wall=2s (elapsed 4s)
[run]   3/297 s4018 p050 dijkstra  fleet=359.3s subset=358.902 wall=3s (elapsed 4s)
[run]   4/297 s4016 p100 dijkstra  fleet=213.8s subset=213.807 wall=4s (elapsed 4s)
[run]   5/297 s4013 p100 dijkstra  fleet=597.1s subset=597.109 wall=6s (elapsed 7s)
[run]   6/297 s4020 p050 dijkstra  fleet=246.8s subset=246.436 wall=3s (elapsed 7s)
[run]   7/297 s4010 p025 dijkstra  fleet=1563.7s subset=1600.259 wall=7s (elapsed 7s)
[run]   8/297 s4017 p025 dijkstra  fleet=538.3s subset=538.5 wall=4s (elapsed 8s)
[run]   9/297 s4025 p050 dijkstra  fleet=618.2s subset=630.649 wall=8s (elapsed 9s)
[run]  10/297 s4016 p075 mappo_on  fleet=230.6s subset=243.518 wall=9s (elapsed 10s)
[run]  11/297 s4018 p075 mappo_on  fleet=302.6s subset=305.03 wall=10s (elapsed 10s)
[run]  12/297 s4016 p100 mappo_off fleet=223.7s subset=223.698 wall=10s (elapsed 11s)
[run]  13/297 s4020 p010 mappo_off fleet=238.5s subset=345.133 wall=4s (elapsed 12s)
[run]  14/297 s4020 p025 mappo_on  fleet=254.8s subset=314.83 wall=6s (elapsed 15s)
[run]  15/297 s4011 p010 mappo_on  fleet=699.1s subset=810.378 wall=8s (elapsed 16s)
[run]  16/297 s4029 p050 mappo_on  fleet=311.6s subset=335.164 wall=9s (elapsed 16s)
[run]  17/297 s4027 p010 mappo_on  fleet=607.9s subset=781.778 wall=6s (elapsed 16s)
[run]  18/297 s4024 p050 mappo_on  fleet=653.2s subset=629.516 wall=15s (elapsed 19s)
[run]  19/297 s4029 p100 mappo_on  fleet=302.3s subset=302.327 wall=11s (elapsed 20s)
[run]  20/297 s4019 p075 mappo_on  fleet=311.9s subset=321.127 wall=8s (elapsed 20s)
[run]  21/297 s4028 p010 dijkstra  fleet=655.0s subset=685.933 wall=3s (elapsed 23s)
[run]  22/297 s4025 p100 mappo_off fleet=548.6s subset=548.584 wall=18s (elapsed 25s)
[run]  23/297 s4013 p025 mappo_on  fleet=561.6s subset=634.438 wall=9s (elapsed 25s)
[run]  24/297 s4019 p025 mappo_off fleet=340.4s subset=408.75 wall=5s (elapsed 25s)
[run]  25/297 s4015 p050 mappo_off fleet=822.4s subset=865.684 wall=16s (elapsed 26s)
[run]  26/297 s4028 p025 mappo_on  fleet=655.8s subset=704.804 wall=9s (elapsed 28s)
[run]  27/297 s4012 p050 mappo_on  fleet=1391.2s subset=1498.573 wall=28s (elapsed 28s)
[run]  28/297 s4014 p050 dijkstra  fleet=331.1s subset=329.151 wall=3s (elapsed 28s)
[run]  29/297 s4018 p025 dijkstra  fleet=367.8s subset=403.741 wall=3s (elapsed 28s)
[run]  30/297 s4021 p025 dijkstra  fleet=510.4s subset=480.982 wall=3s (elapsed 30s)
[run]  31/297 s4021 p100 mappo_off fleet=400.0s subset=399.976 wall=15s (elapsed 31s)
[run]  32/297 s4015 p050 dijkstra  fleet=560.2s subset=578.529 wall=6s (elapsed 31s)
[run]  33/297 s4025 p100 mappo_on  fleet=554.4s subset=554.353 wall=17s (elapsed 32s)
[run]  34/297 s4016 p025 mappo_off fleet=199.6s subset=247.402 wall=4s (elapsed 32s)
[run]  35/297 s4015 p050 mappo_on  fleet=818.0s subset=853.209 wall=16s (elapsed 32s)
[run]  36/297 s4016 p010 dijkstra  fleet=203.2s subset=221.756 wall=2s (elapsed 33s)
[run]  37/297 s4018 p010 mappo_off fleet=362.1s subset=379.044 wall=4s (elapsed 33s)
[run]  38/297 s4017 p075 mappo_on  fleet=363.6s subset=355.056 wall=11s (elapsed 34s)
[run]  39/297 s4016 p075 dijkstra  fleet=218.3s subset=222.899 wall=4s (elapsed 36s)
[run]  40/297 s4026 p010 mappo_off fleet=500.5s subset=408.111 wall=5s (elapsed 36s)
[run]  41/297 s4014 p075 mappo_off fleet=295.3s subset=309.956 wall=9s (elapsed 37s)
[run]  42/297 s4024 p025 mappo_off fleet=673.7s subset=645.312 wall=9s (elapsed 37s)
[run]  43/297 s4028 p100 dijkstra  fleet=1109.0s subset=1109.004 wall=13s (elapsed 41s)
[run]  44/297 s4010 p010 mappo_off fleet=1469.2s subset=1347.067 wall=10s (elapsed 41s)
[run]  45/297 s4027 p025 mappo_on  fleet=645.5s subset=751.741 wall=9s (elapsed 42s)
[run]  46/297 s4011 p010 mappo_off fleet=699.1s subset=810.378 wall=6s (elapsed 43s)
[run]  47/297 s4015 p100 dijkstra  fleet=571.0s subset=570.998 wall=10s (elapsed 43s)
[run]  48/297 s4012 p010 mappo_on  fleet=1505.0s subset=1859.511 wall=10s (elapsed 45s)
[run]  49/297 s4017 p050 mappo_off fleet=406.9s subset=365.484 wall=9s (elapsed 45s)
[run]  50/297 s4026 p010 dijkstra  fleet=526.0s subset=427.489 wall=3s (elapsed 45s)
[run]  51/297 s4017 p025 mappo_on  fleet=445.6s subset=365.848 wall=5s (elapsed 46s)
[run]  52/297 s4021 p075 dijkstra  fleet=489.5s subset=476.219 wall=6s (elapsed 47s)
[run]  53/297 s4019 p025 dijkstra  fleet=310.6s subset=298.866 wall=2s (elapsed 48s)
[run]  54/297 s4017 p010 mappo_on  fleet=487.8s subset=398.8 wall=4s (elapsed 50s)
[run]  55/297 s4024 p100 mappo_on  fleet=638.0s subset=638.02 wall=21s (elapsed 51s)
[run]  56/297 s4023 p010 mappo_off fleet=588.7s subset=761.2 wall=6s (elapsed 53s)
[run]  57/297 s4017 p100 mappo_off fleet=340.4s subset=340.382 wall=12s (elapsed 54s)
[run]  58/297 s4028 p075 mappo_off fleet=682.9s subset=690.991 wall=19s (elapsed 56s)
[run]  59/297 s4022 p010 mappo_on  fleet=566.1s subset=535.089 wall=4s (elapsed 57s)
[run]  60/297 s4027 p050 mappo_off fleet=717.5s subset=795.169 wall=15s (elapsed 58s)
[run]  61/297 s4011 p100 dijkstra  fleet=807.8s subset=807.778 wall=10s (elapsed 58s)
[run]  62/297 s4029 p075 dijkstra  fleet=302.2s subset=304.189 wall=4s (elapsed 58s)
[run]  63/297 s4023 p025 dijkstra  fleet=563.3s subset=550.598 wall=2s (elapsed 58s)
[run]  64/297 s4022 p010 dijkstra  fleet=557.2s subset=556.933 wall=2s (elapsed 61s)
[run]  65/297 s4011 p025 mappo_on  fleet=679.6s subset=743.17 wall=9s (elapsed 61s)
[run]  66/297 s4018 p100 dijkstra  fleet=379.5s subset=379.456 wall=5s (elapsed 63s)
[run]  67/297 s4013 p010 dijkstra  fleet=575.0s subset=553.0 wall=3s (elapsed 63s)
[run]  68/297 s4023 p050 mappo_off fleet=547.9s subset=611.076 wall=13s (elapsed 64s)
[run]  69/297 s4024 p100 mappo_off fleet=640.7s subset=640.7 wall=20s (elapsed 64s)
[run]  70/297 s4018 p010 mappo_on  fleet=362.1s subset=379.044 wall=4s (elapsed 64s)
[run]  71/297 s4024 p050 dijkstra  fleet=739.0s subset=757.471 wall=7s (elapsed 65s)
[run]  72/297 s4016 p010 mappo_on  fleet=201.1s subset=273.6 wall=2s (elapsed 66s)
[run]  73/297 s4029 p010 dijkstra  fleet=314.6s subset=311.956 wall=2s (elapsed 66s)
[run]  74/297 s4014 p010 mappo_on  fleet=324.2s subset=337.044 wall=3s (elapsed 67s)
[run]  75/297 s4012 p100 mappo_on  fleet=1031.4s subset=1031.424 wall=33s (elapsed 69s)
[run]  76/297 s4029 p025 mappo_on  fleet=320.3s subset=358.58 wall=5s (elapsed 71s)
[run]  77/297 s4019 p075 mappo_off fleet=326.0s subset=342.751 wall=9s (elapsed 74s)
[run]  78/297 s4012 p100 dijkstra  fleet=664.0s subset=663.998 wall=7s (elapsed 74s)
[run]  79/297 s4024 p075 mappo_off fleet=639.7s subset=645.817 wall=17s (elapsed 75s)
[run]  80/297 s4014 p050 mappo_off fleet=283.9s subset=315.44 wall=7s (elapsed 75s)
[run]  81/297 s4026 p050 mappo_off fleet=439.0s subset=461.698 wall=10s (elapsed 76s)
[run]  82/297 s4011 p050 mappo_on  fleet=675.2s subset=716.698 wall=14s (elapsed 78s)
[run]  83/297 s4029 p075 mappo_off fleet=327.0s subset=350.21 wall=8s (elapsed 79s)
[run]  84/297 s4020 p100 dijkstra  fleet=242.7s subset=242.744 wall=4s (elapsed 80s)
[run]  85/297 s4018 p010 dijkstra  fleet=353.0s subset=334.8 wall=2s (elapsed 81s)
[run]  86/297 s4012 p100 mappo_off fleet=1129.9s subset=1129.858 wall=36s (elapsed 81s)
[run]  87/297 s4012 p050 mappo_off fleet=1472.9s subset=1578.213 wall=24s (elapsed 82s)
[run]  88/297 s4010 p010 mappo_on  fleet=1321.7s subset=1184.511 wall=8s (elapsed 83s)
[run]  89/297 s4027 p025 dijkstra  fleet=630.4s subset=685.446 wall=4s (elapsed 85s)
[run]  90/297 s4017 p010 dijkstra  fleet=538.9s subset=578.822 wall=3s (elapsed 86s)
[run]  91/297 s4014 p075 mappo_on  fleet=301.8s subset=317.05 wall=8s (elapsed 90s)
[run]  92/297 s4020 p100 mappo_on  fleet=260.6s subset=260.578 wall=9s (elapsed 91s)
[run]  93/297 s4028 p010 mappo_on  fleet=658.5s subset=714.733 wall=6s (elapsed 91s)
[run]  94/297 s4028 p075 mappo_on  fleet=718.4s subset=737.204 wall=18s (elapsed 92s)
[run]  95/297 s4023 p075 mappo_on  fleet=562.3s subset=595.003 wall=17s (elapsed 92s)
[run]  96/297 s4010 p075 mappo_on  fleet=1281.8s subset=1334.121 wall=30s (elapsed 93s)
[run]  97/297 s4023 p025 mappo_on  fleet=550.0s subset=647.75 wall=9s (elapsed 93s)
[run]  98/297 s4027 p100 mappo_off fleet=640.0s subset=640.036 wall=20s (elapsed 94s)
[run]  99/297 s4022 p100 mappo_on  fleet=546.9s subset=546.853 wall=17s (elapsed 97s)
[run] 100/297 s4015 p010 dijkstra  fleet=573.0s subset=622.778 wall=4s (elapsed 98s)
[run] 101/297 s4024 p075 dijkstra  fleet=743.6s subset=756.911 wall=9s (elapsed 100s)
[run] 102/297 s4028 p100 mappo_on  fleet=702.1s subset=702.138 wall=22s (elapsed 100s)
[run] 103/297 s4029 p025 mappo_off fleet=323.8s subset=342.705 wall=4s (elapsed 102s)
[run] 104/297 s4016 p050 dijkstra  fleet=215.2s subset=222.973 wall=3s (elapsed 103s)
[run] 105/297 s4013 p025 dijkstra  fleet=582.7s subset=598.562 wall=3s (elapsed 103s)
[run] 106/297 s4027 p050 mappo_on  fleet=729.0s subset=835.929 wall=16s (elapsed 105s)
[run] 107/297 s4016 p010 mappo_off fleet=201.6s subset=276.267 wall=2s (elapsed 108s)
[run] 108/297 s4024 p075 mappo_on  fleet=643.9s subset=639.689 wall=17s (elapsed 108s)
[run] 109/297 s4021 p100 mappo_on  fleet=410.0s subset=409.98 wall=16s (elapsed 109s)
[run] 110/297 s4015 p100 mappo_off fleet=544.2s subset=544.24 wall=17s (elapsed 110s)
[run] 111/297 s4022 p100 mappo_off fleet=533.4s subset=533.364 wall=17s (elapsed 110s)
[run] 112/297 s4022 p075 mappo_on  fleet=544.2s subset=543.743 wall=14s (elapsed 111s)
[run] 113/297 s4011 p010 dijkstra  fleet=712.0s subset=769.4 wall=4s (elapsed 111s)
[run] 114/297 s4014 p010 mappo_off fleet=300.1s subset=317.689 wall=3s (elapsed 113s)
[run] 115/297 s4018 p100 mappo_off fleet=297.7s subset=297.684 wall=10s (elapsed 114s)
[run] 116/297 s4028 p075 dijkstra  fleet=695.4s subset=724.157 wall=10s (elapsed 114s)
[run] 117/297 s4029 p010 mappo_on  fleet=270.2s subset=281.733 wall=3s (elapsed 114s)
[run] 118/297 s4023 p050 mappo_on  fleet=550.1s subset=605.911 wall=13s (elapsed 114s)
[run] 119/297 s4011 p100 mappo_off fleet=706.5s subset=706.473 wall=23s (elapsed 115s)
[run] 120/297 s4015 p025 mappo_on  fleet=552.2s subset=582.152 wall=7s (elapsed 115s)
[run] 121/297 s4014 p050 mappo_on  fleet=299.3s subset=319.307 wall=7s (elapsed 117s)
[run] 122/297 s4029 p025 dijkstra  fleet=332.1s subset=318.446 wall=3s (elapsed 117s)
[run] 123/297 s4023 p050 dijkstra  fleet=570.7s subset=564.204 wall=4s (elapsed 118s)
[run] 124/297 s4022 p075 dijkstra  fleet=583.2s subset=582.769 wall=6s (elapsed 118s)
[run] 125/297 s4026 p025 dijkstra  fleet=528.0s subset=522.25 wall=4s (elapsed 119s)
[run] 126/297 s4013 p010 mappo_off fleet=550.7s subset=640.867 wall=5s (elapsed 119s)
[run] 127/297 s4017 p050 dijkstra  fleet=545.1s subset=546.871 wall=5s (elapsed 123s)
[run] 128/297 s4025 p010 mappo_on  fleet=602.3s subset=639.356 wall=5s (elapsed 123s)
[run] 129/297 s4022 p075 mappo_off fleet=549.2s subset=546.704 wall=14s (elapsed 123s)
[run] 130/297 s4026 p075 dijkstra  fleet=549.0s subset=559.112 wall=7s (elapsed 124s)
[run] 131/297 s4020 p075 mappo_on  fleet=257.7s subset=275.462 wall=8s (elapsed 127s)
[run] 132/297 s4022 p050 mappo_off fleet=548.5s subset=526.404 wall=11s (elapsed 128s)
[run] 133/297 s4018 p025 mappo_off fleet=318.5s subset=383.929 wall=6s (elapsed 129s)
[run] 134/297 s4024 p010 mappo_off fleet=686.6s subset=573.067 wall=6s (elapsed 129s)
[run] 135/297 s4022 p025 mappo_off fleet=546.3s subset=537.375 wall=7s (elapsed 131s)
[run] 136/297 s4027 p075 mappo_off fleet=757.1s subset=816.905 wall=20s (elapsed 132s)
[run] 137/297 s4021 p010 mappo_on  fleet=463.6s subset=394.778 wall=4s (elapsed 133s)
[run] 138/297 s4023 p075 mappo_off fleet=578.5s subset=619.95 wall=18s (elapsed 133s)
[run] 139/297 s4023 p010 dijkstra  fleet=573.1s subset=633.711 wall=3s (elapsed 134s)
[run] 140/297 s4015 p075 mappo_on  fleet=803.4s subset=810.722 wall=20s (elapsed 134s)
[run] 141/297 s4016 p050 mappo_on  fleet=205.6s subset=235.342 wall=6s (elapsed 135s)
[run] 142/297 s4013 p075 mappo_off fleet=568.4s subset=584.003 wall=18s (elapsed 137s)
[run] 143/297 s4013 p050 mappo_on  fleet=588.4s subset=622.516 wall=14s (elapsed 138s)
[run] 144/297 s4012 p025 dijkstra  fleet=1268.4s subset=1331.607 wall=6s (elapsed 138s)
[run] 145/297 s4029 p100 mappo_off fleet=296.0s subset=295.973 wall=12s (elapsed 139s)
[run] 146/297 s4021 p025 mappo_off fleet=442.6s subset=439.384 wall=8s (elapsed 141s)
[run] 147/297 s4019 p025 mappo_on  fleet=336.4s subset=415.214 wall=6s (elapsed 142s)
[run] 148/297 s4021 p010 dijkstra  fleet=486.2s subset=408.822 wall=3s (elapsed 142s)
[run] 149/297 s4010 p050 dijkstra  fleet=917.3s subset=921.978 wall=8s (elapsed 143s)
[run] 150/297 s4011 p050 dijkstra  fleet=716.7s subset=720.702 wall=8s (elapsed 143s)
[run] 151/297 s4024 p100 dijkstra  fleet=758.3s subset=758.313 wall=12s (elapsed 143s)
[run] 152/297 s4010 p025 mappo_off fleet=1401.7s subset=1366.152 wall=17s (elapsed 143s)
[run] 153/297 s4025 p075 dijkstra  fleet=612.9s subset=618.612 wall=11s (elapsed 146s)
[run] 154/297 s4011 p025 dijkstra  fleet=694.8s subset=669.777 wall=5s (elapsed 147s)
[run] 155/297 s4013 p010 mappo_on  fleet=554.8s subset=634.356 wall=5s (elapsed 148s)
[run] 156/297 s4016 p050 mappo_off fleet=203.1s subset=233.329 wall=5s (elapsed 149s)
[run] 157/297 s4019 p100 mappo_off fleet=332.5s subset=332.536 wall=11s (elapsed 149s)
[run] 158/297 s4017 p050 mappo_on  fleet=411.1s subset=371.893 wall=8s (elapsed 151s)
[run] 159/297 s4014 p100 dijkstra  fleet=270.1s subset=270.133 wall=5s (elapsed 153s)
[run] 160/297 s4014 p025 mappo_off fleet=295.7s subset=321.652 wall=5s (elapsed 154s)
[run] 161/297 s4028 p050 mappo_off fleet=687.1s subset=719.671 wall=13s (elapsed 154s)
[run] 162/297 s4024 p025 dijkstra  fleet=715.7s subset=726.554 wall=5s (elapsed 156s)
[run] 163/297 s4028 p010 mappo_off fleet=727.5s subset=792.156 wall=6s (elapsed 160s)
[run] 164/297 s4021 p075 mappo_on  fleet=408.5s subset=397.503 wall=12s (elapsed 160s)
[run] 165/297 s4010 p075 mappo_off fleet=1054.9s subset=1083.935 wall=22s (elapsed 161s)
[run] 166/297 s4026 p100 mappo_off fleet=440.1s subset=440.118 wall=16s (elapsed 162s)
[run] 167/297 s4025 p050 mappo_on  fleet=560.8s subset=546.031 wall=10s (elapsed 163s)
[run] 168/297 s4023 p100 mappo_off fleet=552.7s subset=552.722 wall=21s (elapsed 163s)
[run] 169/297 s4011 p100 mappo_on  fleet=686.6s subset=686.607 wall=22s (elapsed 164s)
[run] 170/297 s4022 p050 mappo_on  fleet=544.7s subset=534.68 wall=10s (elapsed 164s)
[run] 171/297 s4010 p025 mappo_on  fleet=1657.7s subset=1665.438 wall=16s (elapsed 165s)
[run] 172/297 s4027 p025 mappo_off fleet=671.9s subset=793.509 wall=10s (elapsed 166s)
[run] 173/297 s4016 p025 mappo_on  fleet=200.1s subset=248.652 wall=3s (elapsed 166s)
[run] 174/297 s4029 p050 mappo_off fleet=301.4s subset=325.236 wall=7s (elapsed 167s)
[run] 175/297 s4021 p010 mappo_off fleet=464.6s subset=400.289 wall=4s (elapsed 167s)
[run] 176/297 s4018 p075 dijkstra  fleet=380.5s subset=372.95 wall=4s (elapsed 169s)
[run] 177/297 s4020 p010 mappo_on  fleet=238.5s subset=345.133 wall=3s (elapsed 169s)
[run] 178/297 s4012 p010 mappo_off fleet=1505.0s subset=1859.511 wall=10s (elapsed 170s)
[run] 179/297 s4011 p075 dijkstra  fleet=708.1s subset=716.852 wall=9s (elapsed 171s)
[run] 180/297 s4014 p025 dijkstra  fleet=285.6s subset=287.929 wall=2s (elapsed 172s)
[run] 181/297 s4028 p025 dijkstra  fleet=703.0s subset=742.455 wall=6s (elapsed 173s)
[run] 182/297 s4022 p100 dijkstra  fleet=581.1s subset=581.113 wall=7s (elapsed 173s)
[run] 183/297 s4017 p025 mappo_off fleet=454.5s subset=381.107 wall=6s (elapsed 174s)
[run] 184/297 s4023 p075 dijkstra  fleet=628.0s subset=626.068 wall=6s (elapsed 175s)
[run] 185/297 s4019 p010 mappo_off fleet=312.5s subset=414.067 wall=3s (elapsed 176s)
[run] 186/297 s4015 p075 mappo_off fleet=559.8s subset=581.349 wall=15s (elapsed 176s)
[run] 187/297 s4028 p050 mappo_on  fleet=672.4s subset=713.991 wall=13s (elapsed 177s)
[run] 188/297 s4017 p100 mappo_on  fleet=357.6s subset=357.624 wall=13s (elapsed 178s)
[run] 189/297 s4022 p010 mappo_off fleet=566.1s subset=535.089 wall=4s (elapsed 180s)
[run] 190/297 s4016 p100 mappo_on  fleet=224.0s subset=223.967 wall=8s (elapsed 182s)
[run] 191/297 s4021 p100 dijkstra  fleet=515.4s subset=515.407 wall=8s (elapsed 183s)
[run] 192/297 s4014 p100 mappo_on  fleet=308.2s subset=308.204 wall=11s (elapsed 183s)
[run] 193/297 s4025 p025 mappo_off fleet=582.2s subset=566.321 wall=7s (elapsed 183s)
[run] 194/297 s4026 p025 mappo_off fleet=463.2s subset=452.634 wall=7s (elapsed 184s)
[run] 195/297 s4025 p075 mappo_on  fleet=554.2s subset=561.935 wall=13s (elapsed 186s)
[run] 196/297 s4012 p050 dijkstra  fleet=573.2s subset=548.973 wall=4s (elapsed 186s)
[run] 197/297 s4023 p010 mappo_on  fleet=588.7s subset=760.8 wall=6s (elapsed 188s)
[run] 198/297 s4013 p100 mappo_on  fleet=585.1s subset=585.136 wall=20s (elapsed 190s)
[run] 199/297 s4014 p075 dijkstra  fleet=312.4s subset=306.784 wall=4s (elapsed 190s)
[run] 200/297 s4010 p075 dijkstra  fleet=1667.6s subset=1668.873 wall=13s (elapsed 191s)
[run] 201/297 s4018 p025 mappo_on  fleet=321.3s subset=380.955 wall=5s (elapsed 191s)
[run] 202/297 s4027 p100 mappo_on  fleet=649.0s subset=648.973 wall=21s (elapsed 192s)
[run] 203/297 s4021 p050 dijkstra  fleet=495.3s subset=475.262 wall=4s (elapsed 192s)
[run] 204/297 s4020 p075 dijkstra  fleet=235.7s subset=235.917 wall=3s (elapsed 193s)
[run] 205/297 s4011 p025 mappo_off fleet=693.4s subset=749.143 wall=10s (elapsed 194s)
[run] 206/297 s4021 p075 mappo_off fleet=399.3s subset=392.293 wall=11s (elapsed 194s)
[run] 207/297 s4020 p010 dijkstra  fleet=230.2s subset=250.844 wall=2s (elapsed 195s)
[run] 208/297 s4027 p010 mappo_off fleet=607.9s subset=781.778 wall=6s (elapsed 197s)
[run] 209/297 s4024 p025 mappo_on  fleet=678.3s subset=678.554 wall=8s (elapsed 199s)
[run] 210/297 s4012 p075 mappo_off fleet=771.2s subset=802.577 wall=21s (elapsed 201s)
[run] 211/297 s4011 p075 mappo_on  fleet=681.2s subset=706.494 wall=18s (elapsed 201s)
[run] 212/297 s4016 p075 mappo_off fleet=234.1s subset=246.947 wall=6s (elapsed 202s)
[run] 213/297 s4028 p050 dijkstra  fleet=652.3s subset=691.031 wall=8s (elapsed 202s)
[run] 214/297 s4025 p025 dijkstra  fleet=614.8s subset=653.67 wall=6s (elapsed 203s)
[run] 215/297 s4020 p025 mappo_off fleet=247.3s subset=307.071 wall=4s (elapsed 203s)
[run] 216/297 s4020 p025 dijkstra  fleet=265.4s subset=273.616 wall=2s (elapsed 204s)
[run] 217/297 s4025 p075 mappo_off fleet=553.9s subset=545.521 wall=13s (elapsed 206s)
[run] 218/297 s4026 p050 dijkstra  fleet=518.4s subset=532.364 wall=5s (elapsed 206s)
[run] 219/297 s4015 p010 mappo_on  fleet=548.7s subset=618.933 wall=6s (elapsed 207s)
[run] 220/297 s4026 p100 mappo_on  fleet=420.1s subset=420.14 wall=16s (elapsed 209s)
[run] 221/297 s4010 p050 mappo_off fleet=919.9s subset=1096.938 wall=19s (elapsed 209s)
[run] 222/297 s4027 p075 mappo_on  fleet=639.0s subset=673.941 wall=18s (elapsed 209s)
[run] 223/297 s4020 p050 mappo_on  fleet=244.9s subset=282.418 wall=6s (elapsed 209s)
[run] 224/297 s4019 p050 dijkstra  fleet=345.2s subset=348.084 wall=4s (elapsed 210s)
[run] 225/297 s4017 p075 mappo_off fleet=367.6s subset=353.757 wall=10s (elapsed 212s)
[run] 226/297 s4024 p010 mappo_on  fleet=686.6s subset=573.067 wall=5s (elapsed 212s)
[run] 227/297 s4022 p025 dijkstra  fleet=566.5s subset=571.482 wall=3s (elapsed 213s)
[run] 228/297 s4029 p075 mappo_on  fleet=282.9s subset=301.393 wall=9s (elapsed 213s)
[run] 229/297 s4025 p050 mappo_off fleet=562.1s subset=544.72 wall=10s (elapsed 213s)
[run] 230/297 s4015 p010 mappo_off fleet=548.7s subset=618.933 wall=5s (elapsed 214s)
[run] 231/297 s4019 p075 dijkstra  fleet=332.4s subset=335.038 wall=4s (elapsed 215s)
[run] 232/297 s4019 p050 mappo_off fleet=318.2s subset=348.933 wall=7s (elapsed 216s)
[run] 233/297 s4012 p010 dijkstra  fleet=985.3s subset=983.911 wall=4s (elapsed 216s)
[run] 234/297 s4027 p100 dijkstra  fleet=654.0s subset=654.007 wall=8s (elapsed 217s)
[run] 235/297 s4026 p010 mappo_on  fleet=500.5s subset=408.111 wall=4s (elapsed 218s)
[run] 236/297 s4018 p050 mappo_off fleet=325.9s subset=339.342 wall=7s (elapsed 220s)
[run] 237/297 s4025 p010 mappo_off fleet=602.3s subset=639.356 wall=5s (elapsed 220s)
[run] 238/297 s4015 p025 mappo_off fleet=773.9s subset=806.982 wall=8s (elapsed 221s)
[run] 239/297 s4029 p100 dijkstra  fleet=293.9s subset=293.918 wall=5s (elapsed 221s)
[run] 240/297 s4013 p075 mappo_on  fleet=575.2s subset=589.536 wall=17s (elapsed 222s)
[run] 241/297 s4018 p100 mappo_on  fleet=297.6s subset=297.642 wall=10s (elapsed 225s)
[run] 242/297 s4015 p075 dijkstra  fleet=852.8s subset=872.166 wall=10s (elapsed 226s)
[run] 243/297 s4017 p100 dijkstra  fleet=570.7s subset=570.727 wall=8s (elapsed 226s)
[run] 244/297 s4015 p100 mappo_on  fleet=539.2s subset=539.164 wall=17s (elapsed 226s)
[run] 245/297 s4019 p050 mappo_on  fleet=325.4s subset=360.844 wall=7s (elapsed 226s)
[run] 246/297 s4014 p025 mappo_on  fleet=305.3s subset=328.643 wall=4s (elapsed 229s)
[run] 247/297 s4026 p100 dijkstra  fleet=554.0s subset=554.024 wall=9s (elapsed 229s)
[run] 248/297 s4012 p075 dijkstra  fleet=1262.0s subset=1277.725 wall=9s (elapsed 230s)
[run] 249/297 s4026 p075 mappo_on  fleet=429.0s subset=435.669 wall=12s (elapsed 234s)
[run] 250/297 s4011 p075 mappo_off fleet=696.5s subset=713.272 wall=18s (elapsed 235s)
[run] 251/297 s4021 p025 mappo_on  fleet=447.0s subset=444.241 wall=6s (elapsed 235s)
[run] 252/297 s4019 p100 mappo_on  fleet=333.7s subset=333.742 wall=11s (elapsed 237s)
[run] 253/297 s4018 p050 mappo_on  fleet=319.5s subset=335.116 wall=8s (elapsed 237s)
[run] 254/297 s4027 p010 dijkstra  fleet=642.0s subset=876.444 wall=3s (elapsed 238s)
[run] 255/297 s4012 p025 mappo_off fleet=657.9s subset=838.795 wall=10s (elapsed 239s)
[run] 256/297 s4010 p010 dijkstra  fleet=859.0s subset=815.0 wall=4s (elapsed 239s)
[run] 257/297 s4025 p100 dijkstra  fleet=637.1s subset=637.076 wall=14s (elapsed 240s)
[run] 258/297 s4019 p010 mappo_on  fleet=298.0s subset=409.622 wall=4s (elapsed 243s)
[run] 259/297 s4021 p050 mappo_off fleet=429.5s subset=422.604 wall=10s (elapsed 244s)
[run] 260/297 s4023 p100 dijkstra  fleet=586.2s subset=586.211 wall=8s (elapsed 245s)
[run] 261/297 s4023 p100 mappo_on  fleet=558.5s subset=558.536 wall=22s (elapsed 245s)
[run] 262/297 s4013 p025 mappo_off fleet=556.6s subset=616.696 wall=9s (elapsed 246s)
[run] 263/297 s4029 p050 dijkstra  fleet=305.5s subset=304.68 wall=3s (elapsed 246s)
[run] 264/297 s4025 p025 mappo_on  fleet=575.4s subset=585.375 wall=7s (elapsed 247s)
[run] 265/297 s4013 p100 mappo_off fleet=578.9s subset=578.853 wall=22s (elapsed 247s)
[run] 266/297 s4017 p010 mappo_off fleet=487.9s subset=359.644 wall=5s (elapsed 249s)
[run] 267/297 s4025 p010 dijkstra  fleet=600.1s subset=618.644 wall=4s (elapsed 249s)
[run] 268/297 s4028 p100 mappo_off fleet=739.2s subset=739.196 wall=24s (elapsed 251s)
[run] 269/297 s4013 p075 dijkstra  fleet=577.7s subset=579.373 wall=6s (elapsed 253s)
[run] 270/297 s4022 p025 mappo_on  fleet=551.6s subset=530.402 wall=7s (elapsed 253s)
[run] 271/297 s4026 p025 mappo_on  fleet=459.6s subset=447.054 wall=7s (elapsed 254s)
[run] 272/297 s4010 p050 mappo_on  fleet=899.6s subset=972.533 wall=17s (elapsed 254s)
[run] 273/297 s4020 p100 mappo_off fleet=252.4s subset=252.416 wall=10s (elapsed 254s)
[run] 274/297 s4012 p025 mappo_on  fleet=1136.4s subset=1380.455 wall=16s (elapsed 255s)
[run] 275/297 s4021 p050 mappo_on  fleet=406.5s subset=395.209 wall=10s (elapsed 257s)
[run] 276/297 s4029 p010 mappo_off fleet=270.2s subset=281.733 wall=3s (elapsed 258s)
[run] 277/297 s4015 p025 dijkstra  fleet=791.4s subset=863.107 wall=5s (elapsed 258s)
[run] 278/297 s4013 p050 dijkstra  fleet=589.8s subset=583.947 wall=5s (elapsed 259s)
[run] 279/297 s4020 p075 mappo_off fleet=271.0s subset=289.447 wall=8s (elapsed 259s)
[run] 280/297 s4019 p100 dijkstra  fleet=341.7s subset=341.731 wall=5s (elapsed 260s)
[run] 281/297 s4027 p050 dijkstra  fleet=636.1s subset=643.471 wall=5s (elapsed 262s)
[run] 282/297 s4013 p050 mappo_off fleet=577.9s subset=614.813 wall=14s (elapsed 263s)
[run] 283/297 s4028 p025 mappo_off fleet=754.9s subset=809.589 wall=9s (elapsed 263s)
[run] 284/297 s4022 p050 dijkstra  fleet=571.1s subset=584.613 wall=4s (elapsed 263s)
[run] 285/297 s4018 p075 mappo_off fleet=311.9s subset=315.027 wall=9s (elapsed 263s)
[run] 286/297 s4024 p010 dijkstra  fleet=705.9s subset=655.644 wall=3s (elapsed 265s)
[run] 287/297 s4017 p075 dijkstra  fleet=557.5s subset=567.479 wall=7s (elapsed 265s)
[run] 288/297 s4019 p010 dijkstra  fleet=304.2s subset=317.644 wall=2s (elapsed 265s)
[run] 289/297 s4020 p050 mappo_off fleet=246.5s subset=283.289 wall=6s (elapsed 266s)
[run] 290/297 s4014 p100 mappo_off fleet=289.4s subset=289.382 wall=10s (elapsed 267s)
[run] 291/297 s4026 p050 mappo_on  fleet=444.6s subset=466.969 wall=9s (elapsed 268s)
[run] 292/297 s4027 p075 dijkstra  fleet=650.0s subset=661.003 wall=6s (elapsed 269s)
[run] 293/297 s4023 p025 mappo_off fleet=549.4s subset=658.464 wall=6s (elapsed 271s)
[run] 294/297 s4026 p075 mappo_off fleet=430.2s subset=440.979 wall=10s (elapsed 273s)
[run] 295/297 s4024 p050 mappo_off fleet=653.6s subset=625.12 wall=8s (elapsed 273s)
[run] 296/297 s4011 p050 mappo_off fleet=707.6s subset=763.898 wall=10s (elapsed 273s)
[run] 297/297 s4012 p075 mappo_on  fleet=1323.9s subset=1362.254 wall=26s (elapsed 274s)
[run] sweep complete -> /home/anh/Code/STR/STR-Summer-Project-Base/Selfless_routing/reproduce/results/penetration_sweep.csv
